[www.radixtouch.in/templates/logicswave/jiva/source/light/index.html]
[backblue.gif]
[fade.gif]
[index.html]
[www.radixtouch.in/templates/logicswave/jiva/source/light/assets/img/favicon.ico]
[www.radixtouch.in/templates/logicswave/jiva/source/light/assets/img/users/user-1.png]
[www.radixtouch.in/templates/logicswave/jiva/source/light/assets/img/users/user-2.png]
[www.radixtouch.in/templates/logicswave/jiva/source/light/assets/img/users/user-5.png]
[www.radixtouch.in/templates/logicswave/jiva/source/light/assets/img/users/user-4.png]
[www.radixtouch.in/templates/logicswave/jiva/source/light/assets/img/users/user-3.png]
[www.radixtouch.in/templates/logicswave/jiva/source/light/assets/img/user.png]
[www.radixtouch.in/templates/logicswave/jiva/source/light/profile.html]
[www.radixtouch.in/templates/logicswave/jiva/source/light/timeline.html]
[www.radixtouch.in/templates/logicswave/jiva/source/light/auth-login.html]
[www.radixtouch.in/templates/logicswave/jiva/source/light/index-2.html]
[www.radixtouch.in/templates/logicswave/jiva/source/light/assets/img/logo.png]
[www.radixtouch.in/templates/logicswave/jiva/source/light/index2.html]
[www.radixtouch.in/templates/logicswave/jiva/source/light/widget-chart.html]
[www.radixtouch.in/templates/logicswave/jiva/source/light/widget-data.html]
[www.radixtouch.in/templates/logicswave/jiva/source/light/chat.html]
[www.radixtouch.in/templates/logicswave/jiva/source/light/portfolio.html]
[www.radixtouch.in/templates/logicswave/jiva/source/light/blog.html]
[www.radixtouch.in/templates/logicswave/jiva/source/light/calendar.html]
[www.radixtouch.in/templates/logicswave/jiva/source/light/drag-drop.html]
[www.radixtouch.in/templates/logicswave/jiva/source/light/email-inbox.html]
[www.radixtouch.in/templates/logicswave/jiva/source/light/email-compose.html]
[www.radixtouch.in/templates/logicswave/jiva/source/light/email-read.html]
[www.radixtouch.in/templates/logicswave/jiva/source/light/alert.html]
[www.radixtouch.in/templates/logicswave/jiva/source/light/badge.html]
[www.radixtouch.in/templates/logicswave/jiva/source/light/breadcrumb.html]
[www.radixtouch.in/templates/logicswave/jiva/source/light/buttons.html]
[www.radixtouch.in/templates/logicswave/jiva/source/light/collapse.html]
[www.radixtouch.in/templates/logicswave/jiva/source/light/dropdown.html]
[www.radixtouch.in/templates/logicswave/jiva/source/light/checkbox-and-radio.html]
[www.radixtouch.in/templates/logicswave/jiva/source/light/list-group.html]
[www.radixtouch.in/templates/logicswave/jiva/source/light/media-object.html]
[www.radixtouch.in/templates/logicswave/jiva/source/light/navbar.html]
[www.radixtouch.in/templates/logicswave/jiva/source/light/pagination.html]
[www.radixtouch.in/templates/logicswave/jiva/source/light/popover.html]
[www.radixtouch.in/templates/logicswave/jiva/source/light/progress.html]
[www.radixtouch.in/templates/logicswave/jiva/source/light/tooltip.html]
[www.radixtouch.in/templates/logicswave/jiva/source/light/flags.html]
[www.radixtouch.in/templates/logicswave/jiva/source/light/typography.html]
[www.radixtouch.in/templates/logicswave/jiva/source/light/avatar.html]
[www.radixtouch.in/templates/logicswave/jiva/source/light/card.html]
[www.radixtouch.in/templates/logicswave/jiva/source/light/modal.html]
[www.radixtouch.in/templates/logicswave/jiva/source/light/sweet-alert.html]
[www.radixtouch.in/templates/logicswave/jiva/source/light/toastr.html]
[www.radixtouch.in/templates/logicswave/jiva/source/light/empty-state.html]
[www.radixtouch.in/templates/logicswave/jiva/source/light/multiple-upload.html]
[www.radixtouch.in/templates/logicswave/jiva/source/light/pricing.html]
[www.radixtouch.in/templates/logicswave/jiva/source/light/tabs.html]
[www.radixtouch.in/templates/logicswave/jiva/source/light/blank.html]
[www.radixtouch.in/templates/logicswave/jiva/source/light/basic-form.html]
[www.radixtouch.in/templates/logicswave/jiva/source/light/forms-advanced-form.html]
[www.radixtouch.in/templates/logicswave/jiva/source/light/forms-editor.html]
[www.radixtouch.in/templates/logicswave/jiva/source/light/forms-validation.html]
[www.radixtouch.in/templates/logicswave/jiva/source/light/form-wizard.html]
[www.radixtouch.in/templates/logicswave/jiva/source/light/basic-table.html]
[www.radixtouch.in/templates/logicswave/jiva/source/light/advance-table.html]
[www.radixtouch.in/templates/logicswave/jiva/source/light/datatables.html]
[www.radixtouch.in/templates/logicswave/jiva/source/light/export-table.html]
[www.radixtouch.in/templates/logicswave/jiva/source/light/footable.html]
[www.radixtouch.in/templates/logicswave/jiva/source/light/editable-table.html]
[www.radixtouch.in/templates/logicswave/jiva/source/light/chart-amchart.html]
[www.radixtouch.in/templates/logicswave/jiva/source/light/chart-apexchart.html]
[www.radixtouch.in/templates/logicswave/jiva/source/light/chart-echart.html]
[www.radixtouch.in/templates/logicswave/jiva/source/light/chart-chartjs.html]
[www.radixtouch.in/templates/logicswave/jiva/source/light/chart-sparkline.html]
[www.radixtouch.in/templates/logicswave/jiva/source/light/chart-morris.html]
[www.radixtouch.in/templates/logicswave/jiva/source/light/icon-font-awesome.html]
[www.radixtouch.in/templates/logicswave/jiva/source/light/icon-material.html]
[www.radixtouch.in/templates/logicswave/jiva/source/light/icon-ionicons.html]
[www.radixtouch.in/templates/logicswave/jiva/source/light/icon-feather.html]
[www.radixtouch.in/templates/logicswave/jiva/source/light/icon-weather-icon.html]
[www.radixtouch.in/templates/logicswave/jiva/source/light/light-gallery.html]
[www.radixtouch.in/templates/logicswave/jiva/source/light/gallery1.html]
[www.radixtouch.in/templates/logicswave/jiva/source/light/carousel.html]
[www.radixtouch.in/templates/logicswave/jiva/source/light/owl-carousel.html]
[www.radixtouch.in/templates/logicswave/jiva/source/light/gmaps-advanced-route.html]
[www.radixtouch.in/templates/logicswave/jiva/source/light/gmaps-draggable-marker.html]
[www.radixtouch.in/templates/logicswave/jiva/source/light/gmaps-geocoding.html]
[www.radixtouch.in/templates/logicswave/jiva/source/light/gmaps-geolocation.html]
[www.radixtouch.in/templates/logicswave/jiva/source/light/gmaps-marker.html]
[www.radixtouch.in/templates/logicswave/jiva/source/light/gmaps-multiple-marker.html]
[www.radixtouch.in/templates/logicswave/jiva/source/light/gmaps-route.html]
[www.radixtouch.in/templates/logicswave/jiva/source/light/gmaps-simple.html]
[www.radixtouch.in/templates/logicswave/jiva/source/light/vector-map.html]
[www.radixtouch.in/templates/logicswave/jiva/source/light/auth-register.html]
[www.radixtouch.in/templates/logicswave/jiva/source/light/auth-forgot-password.html]
[www.radixtouch.in/templates/logicswave/jiva/source/light/auth-reset-password.html]
[www.radixtouch.in/templates/logicswave/jiva/source/light/subscribe.html]
[www.radixtouch.in/templates/logicswave/jiva/source/light/errors-503.html]
[www.radixtouch.in/templates/logicswave/jiva/source/light/errors-403.html]
[www.radixtouch.in/templates/logicswave/jiva/source/light/errors-404.html]
[www.radixtouch.in/templates/logicswave/jiva/source/light/errors-500.html]
[www.radixtouch.in/templates/logicswave/jiva/source/light/create-post.html]
[www.radixtouch.in/templates/logicswave/jiva/source/light/posts.html]
[www.radixtouch.in/templates/logicswave/jiva/source/light/contact.html]
[www.radixtouch.in/templates/logicswave/jiva/source/light/invoice.html]
[www.radixtouch.in/templates/logicswave/jiva/source/light/assets/img/users/user-8.png]
[www.radixtouch.in/templates/logicswave/jiva/source/light/assets/img/users/user-9.png]
[www.radixtouch.in/templates/logicswave/jiva/source/light/assets/img/users/user-10.png]
[www.radixtouch.in/templates/logicswave/jiva/source/light/assets/img/users/user-7.png]
[www.radixtouch.in/templates/logicswave/jiva/source/light/assets/img/users/user-6.png]
[www.radixtouch.in/templates/logicswave/jiva/source/light/assets/img/products/product-3.png]
[www.radixtouch.in/templates/logicswave/jiva/source/light/assets/img/products/product-4.png]
[www.radixtouch.in/templates/logicswave/jiva/source/light/assets/img/products/product-1.png]
[www.radixtouch.in/templates/logicswave/jiva/source/light/assets/img/products/product-2.png]
[www.radixtouch.in/templates/logicswave/jiva/source/light/assets/img/products/product-5.png]
[www.radixtouch.in/templates/logicswave/jiva/source/light/assets/js/app.min.js]
[www.radixtouch.in/templates/logicswave/jiva/source/light/assets/bundles/apexcharts/apexcharts.min.js]
[www.radixtouch.in/templates/logicswave/jiva/source/light/assets/bundles/amcharts4/core.js]
[www.radixtouch.in/templates/logicswave/jiva/source/light/assets/bundles/amcharts4/charts.js]
[www.radixtouch.in/templates/logicswave/jiva/source/light/assets/bundles/amcharts4/animated.js]
[www.radixtouch.in/templates/logicswave/jiva/source/light/assets/bundles/jqvmap/dist/jquery.vmap.min.js]
[www.radixtouch.in/templates/logicswave/jiva/source/light/assets/bundles/jqvmap/dist/maps/jquery.vmap.world.js]
[www.radixtouch.in/templates/logicswave/jiva/source/light/assets/js/page/index.js]
[www.radixtouch.in/templates/logicswave/jiva/source/light/assets/js/scripts.js]
[www.radixtouch.in/templates/logicswave/jiva/source/light/assets/js/custom.js]
[www.radixtouch.in/templates/logicswave/jiva/source/light/index.html]
[www.radixtouch.in/templates/logicswave/jiva/source/light/assets/fonts/webfonts/fa-brands-400d41d.eot]
[www.radixtouch.in/templates/logicswave/jiva/source/light/assets/fonts/webfonts/fa-brands-400.woff2]
[www.radixtouch.in/templates/logicswave/jiva/source/light/assets/fonts/webfonts/fa-brands-400.woff]
[www.radixtouch.in/templates/logicswave/jiva/source/light/assets/fonts/webfonts/fa-brands-400.ttf]
[www.radixtouch.in/templates/logicswave/jiva/source/light/assets/fonts/webfonts/fa-regular-400.eot]
[www.radixtouch.in/templates/logicswave/jiva/source/light/assets/fonts/webfonts/fa-regular-400.woff2]
[www.radixtouch.in/templates/logicswave/jiva/source/light/assets/fonts/webfonts/fa-regular-400.woff]
[www.radixtouch.in/templates/logicswave/jiva/source/light/assets/fonts/webfonts/fa-regular-400d41d.eot]
[www.radixtouch.in/templates/logicswave/jiva/source/light/assets/fonts/webfonts/fa-regular-400.ttf]
[www.radixtouch.in/templates/logicswave/jiva/source/light/assets/fonts/webfonts/fa-solid-900.eot]
[www.radixtouch.in/templates/logicswave/jiva/source/light/assets/fonts/webfonts/fa-solid-900.woff2]
[www.radixtouch.in/templates/logicswave/jiva/source/light/assets/fonts/webfonts/fa-solid-900.woff]
[www.radixtouch.in/templates/logicswave/jiva/source/light/assets/fonts/webfonts/fa-solid-900.ttf]
[www.radixtouch.in/templates/logicswave/jiva/source/light/assets/fonts/webfonts/fa-solid-900d41d.eot]
[www.radixtouch.in/templates/logicswave/jiva/source/light/assets/bundles/material-icons/MaterialIcons-Regular.woff2]
[www.radixtouch.in/templates/logicswave/jiva/source/light/assets/bundles/material-icons/MaterialIcons-Regular.woff]
[www.radixtouch.in/templates/logicswave/jiva/source/light/assets/bundles/material-icons/MaterialIcons-Regular.ttf]
[www.radixtouch.in/templates/logicswave/jiva/source/light/assets/css/app.min.css]
[www.radixtouch.in/templates/logicswave/jiva/source/light/assets/img/cards/visa.png]
[www.radixtouch.in/templates/logicswave/jiva/source/light/assets/img/cards/americanexpress.png]
[www.radixtouch.in/templates/logicswave/jiva/source/light/assets/img/cards/dinersclub.png]
[www.radixtouch.in/templates/logicswave/jiva/source/light/assets/img/cards/discover.png]
[www.radixtouch.in/templates/logicswave/jiva/source/light/assets/img/cards/jcb.png]
[www.radixtouch.in/templates/logicswave/jiva/source/light/assets/img/cards/mastercard.png]
[www.radixtouch.in/templates/logicswave/jiva/source/light/assets/fonts/roboto-v20-latin-regular.eot]
[www.radixtouch.in/templates/logicswave/jiva/source/light/assets/fonts/roboto-v20-latin-regulard41d.eot]
[www.radixtouch.in/templates/logicswave/jiva/source/light/assets/fonts/roboto-v20-latin-regular.woff2]
[www.radixtouch.in/templates/logicswave/jiva/source/light/assets/fonts/roboto-v20-latin-regular.woff]
[www.radixtouch.in/templates/logicswave/jiva/source/light/assets/fonts/roboto-v20-latin-regular.ttf]
[www.radixtouch.in/templates/logicswave/jiva/source/light/assets/img/loading.gif]
[www.radixtouch.in/templates/logicswave/jiva/source/light/assets/css/style.css]
[www.radixtouch.in/templates/logicswave/jiva/source/light/assets/img/browsers/chrome.png]
[www.radixtouch.in/templates/logicswave/jiva/source/light/assets/img/browsers/firefox.png]
[www.radixtouch.in/templates/logicswave/jiva/source/light/assets/img/browsers/internet-explorer.png]
[www.radixtouch.in/templates/logicswave/jiva/source/light/assets/img/browsers/opera.png]
[www.radixtouch.in/templates/logicswave/jiva/source/light/assets/img/browsers/safari.png]
[www.radixtouch.in/templates/logicswave/jiva/source/light/assets/css/components.css]
[www.radixtouch.in/templates/logicswave/jiva/source/light/assets/bundles/jqvmap/dist/jqvmap.min.css]
[www.radixtouch.in/templates/logicswave/jiva/source/light/assets/css/custom.css]
[www.radixtouch.in/templates/logicswave/jiva/source/light/assets/bundles/summernote/summernote-bs4.js]
[www.radixtouch.in/templates/logicswave/jiva/source/light/profile.html]
[www.radixtouch.in/templates/logicswave/jiva/source/light/timeline.html]
[www.radixtouch.in/templates/logicswave/jiva/source/light/auth-login.html]
[www.radixtouch.in/templates/logicswave/jiva/source/light/index-2.html]
[www.radixtouch.in/templates/logicswave/jiva/source/light/assets/bundles/chartjs/chart.min.js]
[www.radixtouch.in/templates/logicswave/jiva/source/light/assets/js/page/index2.js]
[www.radixtouch.in/templates/logicswave/jiva/source/light/index2.html]
[www.radixtouch.in/templates/logicswave/jiva/source/light/assets/bundles/jquery.sparkline.min.js]
[www.radixtouch.in/templates/logicswave/jiva/source/light/assets/bundles/jqvmap/dist/maps/jquery.vmap.indonesia.js]
[www.radixtouch.in/templates/logicswave/jiva/source/light/assets/js/page/widget-chart.js]
[www.radixtouch.in/templates/logicswave/jiva/source/light/widget-chart.html]
[www.radixtouch.in/templates/logicswave/jiva/source/light/assets/img/banner/1.png]
[www.radixtouch.in/templates/logicswave/jiva/source/light/assets/img/banner/2.png]
[www.radixtouch.in/templates/logicswave/jiva/source/light/assets/img/banner/3.png]
[www.radixtouch.in/templates/logicswave/jiva/source/light/assets/img/banner/4.png]
[www.radixtouch.in/templates/logicswave/jiva/source/light/assets/bundles/owlcarousel2/dist/owl.carousel.min.js]
[www.radixtouch.in/templates/logicswave/jiva/source/light/assets/js/page/widget-data.js]
[www.radixtouch.in/templates/logicswave/jiva/source/light/widget-data.html]
[www.radixtouch.in/templates/logicswave/jiva/source/light/assets/js/page/chat.js]
[www.radixtouch.in/templates/logicswave/jiva/source/light/chat.html]
[www.radixtouch.in/templates/logicswave/jiva/source/light/assets/img/posts/post4.png]
[www.radixtouch.in/templates/logicswave/jiva/source/light/assets/img/posts/post5.png]
[www.radixtouch.in/templates/logicswave/jiva/source/light/assets/img/posts/post6.png]
[www.radixtouch.in/templates/logicswave/jiva/source/light/assets/img/posts/post7.png]
[www.radixtouch.in/templates/logicswave/jiva/source/light/assets/img/posts/post8.png]
[www.radixtouch.in/templates/logicswave/jiva/source/light/assets/img/posts/post9.png]
[www.radixtouch.in/templates/logicswave/jiva/source/light/assets/img/posts/post11.png]
[www.radixtouch.in/templates/logicswave/jiva/source/light/assets/img/posts/post12.png]
[www.radixtouch.in/templates/logicswave/jiva/source/light/assets/img/posts/post13.png]
[www.radixtouch.in/templates/logicswave/jiva/source/light/assets/js/page/portfolio.js]
[www.radixtouch.in/templates/logicswave/jiva/source/light/portfolio.html]
[www.radixtouch.in/templates/logicswave/jiva/source/light/assets/img/blog/img08.png]
[www.radixtouch.in/templates/logicswave/jiva/source/light/assets/img/blog/img04.png]
[www.radixtouch.in/templates/logicswave/jiva/source/light/assets/img/blog/img09.png]
[www.radixtouch.in/templates/logicswave/jiva/source/light/assets/img/blog/img12.png]
[www.radixtouch.in/templates/logicswave/jiva/source/light/assets/img/blog/img10.png]
[www.radixtouch.in/templates/logicswave/jiva/source/light/assets/img/blog/img15.png]
[www.radixtouch.in/templates/logicswave/jiva/source/light/assets/img/blog/img07.png]
[www.radixtouch.in/templates/logicswave/jiva/source/light/assets/img/blog/img02.png]
[www.radixtouch.in/templates/logicswave/jiva/source/light/assets/img/blog/img13.png]
[www.radixtouch.in/templates/logicswave/jiva/source/light/assets/img/blog/img14.png]
[www.radixtouch.in/templates/logicswave/jiva/source/light/assets/img/blog/img01.png]
[www.radixtouch.in/templates/logicswave/jiva/source/light/blog.html]
[www.radixtouch.in/templates/logicswave/jiva/source/light/assets/bundles/fullcalendar/fullcalendar.min.js]
[www.radixtouch.in/templates/logicswave/jiva/source/light/assets/js/page/calendar.js]
[www.radixtouch.in/templates/logicswave/jiva/source/light/calendar.html]
[www.radixtouch.in/templates/logicswave/jiva/source/light/assets/bundles/dragula/dragula.min.js]
[www.radixtouch.in/templates/logicswave/jiva/source/light/assets/js/page/dragdrop.js]
[www.radixtouch.in/templates/logicswave/jiva/source/light/drag-drop.html]
[www.radixtouch.in/templates/logicswave/jiva/source/light/email-inbox.html]
[www.radixtouch.in/templates/logicswave/jiva/source/light/assets/bundles/ckeditor/ckeditor.js]
[www.radixtouch.in/templates/logicswave/jiva/source/light/assets/js/page/ckeditor.js]
[www.radixtouch.in/templates/logicswave/jiva/source/light/email-compose.html]
[www.radixtouch.in/templates/logicswave/jiva/source/light/email-read.html]
[www.radixtouch.in/templates/logicswave/jiva/source/light/alert.html]
[www.radixtouch.in/templates/logicswave/jiva/source/light/badge.html]
[www.radixtouch.in/templates/logicswave/jiva/source/light/breadcrumb.html]
[www.radixtouch.in/templates/logicswave/jiva/source/light/buttons.html]
[www.radixtouch.in/templates/logicswave/jiva/source/light/collapse.html]
[www.radixtouch.in/templates/logicswave/jiva/source/light/dropdown.html]
[www.radixtouch.in/templates/logicswave/jiva/source/light/checkbox-and-radio.html]
[www.radixtouch.in/templates/logicswave/jiva/source/light/list-group.html]
[www.radixtouch.in/templates/logicswave/jiva/source/light/assets/img/image-64.png]
[www.radixtouch.in/templates/logicswave/jiva/source/light/media-object.html]
[www.radixtouch.in/templates/logicswave/jiva/source/light/navbar.html]
[www.radixtouch.in/templates/logicswave/jiva/source/light/pagination.html]
[www.radixtouch.in/templates/logicswave/jiva/source/light/popover.html]
[www.radixtouch.in/templates/logicswave/jiva/source/light/progress.html]
[www.radixtouch.in/templates/logicswave/jiva/source/light/tooltip.html]
[www.radixtouch.in/templates/logicswave/jiva/source/light/flags.html]
[www.radixtouch.in/templates/logicswave/jiva/source/light/assets/bundles/prism/prism.js]
[www.radixtouch.in/templates/logicswave/jiva/source/light/typography.html]
[www.radixtouch.in/templates/logicswave/jiva/source/light/avatar.html]
[www.radixtouch.in/templates/logicswave/jiva/source/light/assets/img/image-gallery/3.png]
[www.radixtouch.in/templates/logicswave/jiva/source/light/assets/bundles/chocolat/dist/js/jquery.chocolat.min.js]
[www.radixtouch.in/templates/logicswave/jiva/source/light/assets/bundles/jquery-ui/jquery-ui.min.js]
[www.radixtouch.in/templates/logicswave/jiva/source/light/card.html]
[www.radixtouch.in/templates/logicswave/jiva/source/light/modal.html]
[www.radixtouch.in/templates/logicswave/jiva/source/light/assets/bundles/sweetalert/sweetalert.min.js]
[www.radixtouch.in/templates/logicswave/jiva/source/light/assets/js/page/sweetalert.js]
[www.radixtouch.in/templates/logicswave/jiva/source/light/sweet-alert.html]
[www.radixtouch.in/templates/logicswave/jiva/source/light/assets/bundles/izitoast/js/iziToast.min.js]
[www.radixtouch.in/templates/logicswave/jiva/source/light/assets/js/page/toastr.js]
[www.radixtouch.in/templates/logicswave/jiva/source/light/toastr.html]
[www.radixtouch.in/templates/logicswave/jiva/source/light/empty-state.html]
[www.radixtouch.in/templates/logicswave/jiva/source/light/assets/bundles/dropzonejs/min/dropzone.min.js]
[www.radixtouch.in/templates/logicswave/jiva/source/light/assets/js/page/multiple-upload.js]
[www.radixtouch.in/templates/logicswave/jiva/source/light/multiple-upload.html]
[www.radixtouch.in/templates/logicswave/jiva/source/light/pricing.html]
[www.radixtouch.in/templates/logicswave/jiva/source/light/tabs.html]
[www.radixtouch.in/templates/logicswave/jiva/source/light/blank.html]
[www.radixtouch.in/templates/logicswave/jiva/source/light/basic-form.html]
[www.radixtouch.in/templates/logicswave/jiva/source/light/assets/img/blog/img03.png]
[www.radixtouch.in/templates/logicswave/jiva/source/light/assets/img/blog/img05.png]
[www.radixtouch.in/templates/logicswave/jiva/source/light/assets/img/blog/img06.png]
[www.radixtouch.in/templates/logicswave/jiva/source/light/assets/bundles/cleave-js/dist/cleave.min.js]
[www.radixtouch.in/templates/logicswave/jiva/source/light/assets/bundles/cleave-js/dist/addons/cleave-phone.us.js]
[www.radixtouch.in/templates/logicswave/jiva/source/light/assets/bundles/jquery-pwstrength/jquery.pwstrength.min.js]
[www.radixtouch.in/templates/logicswave/jiva/source/light/assets/bundles/bootstrap-daterangepicker/daterangepicker.js]
[www.radixtouch.in/templates/logicswave/jiva/source/light/assets/bundles/bootstrap-colorpicker/dist/js/bootstrap-colorpicker.min.js]
[www.radixtouch.in/templates/logicswave/jiva/source/light/assets/bundles/bootstrap-timepicker/js/bootstrap-timepicker.min.js]
[www.radixtouch.in/templates/logicswave/jiva/source/light/assets/bundles/bootstrap-tagsinput/dist/bootstrap-tagsinput.min.js]
[www.radixtouch.in/templates/logicswave/jiva/source/light/assets/bundles/select2/dist/js/select2.full.min.js]
[www.radixtouch.in/templates/logicswave/jiva/source/light/assets/bundles/jquery-selectric/jquery.selectric.min.js]
[www.radixtouch.in/templates/logicswave/jiva/source/light/assets/js/page/forms-advanced-forms.js]
[www.radixtouch.in/templates/logicswave/jiva/source/light/forms-advanced-form.html]
[www.radixtouch.in/templates/logicswave/jiva/source/light/assets/bundles/codemirror/lib/codemirror.js]
[www.radixtouch.in/templates/logicswave/jiva/source/light/assets/bundles/codemirror/mode/javascript/javascript.js]
[www.radixtouch.in/templates/logicswave/jiva/source/light/forms-editor.html]
[www.radixtouch.in/templates/logicswave/jiva/source/light/forms-validation.html]
[www.radixtouch.in/templates/logicswave/jiva/source/light/assets/bundles/jquery-validation/dist/jquery.validate.min.js]
[www.radixtouch.in/templates/logicswave/jiva/source/light/assets/bundles/jquery-steps/jquery.steps.min.js]
[www.radixtouch.in/templates/logicswave/jiva/source/light/assets/js/page/form-wizard.js]
[www.radixtouch.in/templates/logicswave/jiva/source/light/form-wizard.html]
[www.radixtouch.in/templates/logicswave/jiva/source/light/basic-table.html]
[www.radixtouch.in/templates/logicswave/jiva/source/light/assets/js/page/advance-table.js]
[www.radixtouch.in/templates/logicswave/jiva/source/light/advance-table.html]
[www.radixtouch.in/templates/logicswave/jiva/source/light/assets/bundles/datatables/datatables.min.js]
[www.radixtouch.in/templates/logicswave/jiva/source/light/assets/bundles/datatables/DataTables-1.10.16/js/dataTables.bootstrap4.min.js]
[www.radixtouch.in/templates/logicswave/jiva/source/light/assets/js/page/datatables.js]
[www.radixtouch.in/templates/logicswave/jiva/source/light/datatables.html]
[www.radixtouch.in/templates/logicswave/jiva/source/light/assets/bundles/datatables/export-tables/dataTables.buttons.min.js]
[www.radixtouch.in/templates/logicswave/jiva/source/light/assets/bundles/datatables/export-tables/buttons.flash.min.js]
[www.radixtouch.in/templates/logicswave/jiva/source/light/assets/bundles/datatables/export-tables/jszip.min.js]
[www.radixtouch.in/templates/logicswave/jiva/source/light/assets/bundles/datatables/export-tables/pdfmake.min.js]
[www.radixtouch.in/templates/logicswave/jiva/source/light/assets/bundles/datatables/export-tables/vfs_fonts.js]
[www.radixtouch.in/templates/logicswave/jiva/source/light/assets/bundles/datatables/export-tables/buttons.print.min.js]
[www.radixtouch.in/templates/logicswave/jiva/source/light/export-table.html]
[cdnjs.cloudflare.com/ajax/libs/font-awesome/4.7.0/css/font-awesome.min.css]
[www.radixtouch.in/templates/logicswave/jiva/source/light/assets/bundles/footable-bootstrap/js/footable.js]
[www.radixtouch.in/templates/logicswave/jiva/source/light/assets/js/page/footable-data.js]
[www.radixtouch.in/templates/logicswave/jiva/source/light/footable.html]
[www.radixtouch.in/templates/logicswave/jiva/source/light/assets/bundles/editable-table/mindmup-editabletable.js]
[www.radixtouch.in/templates/logicswave/jiva/source/light/assets/js/page/editable-table.js]
[www.radixtouch.in/templates/logicswave/jiva/source/light/editable-table.html]
[www.radixtouch.in/templates/logicswave/jiva/source/light/assets/bundles/amcharts4/worldLow.js]
[www.radixtouch.in/templates/logicswave/jiva/source/light/assets/bundles/amcharts4/maps.js]
[www.radixtouch.in/templates/logicswave/jiva/source/light/assets/js/page/chart-amchart.js]
[www.radixtouch.in/templates/logicswave/jiva/source/light/chart-amchart.html]
[www.radixtouch.in/templates/logicswave/jiva/source/light/assets/js/page/chart-apexcharts.js]
[www.radixtouch.in/templates/logicswave/jiva/source/light/chart-apexchart.html]
[www.radixtouch.in/templates/logicswave/jiva/source/light/assets/bundles/echart/echarts.js]
[www.radixtouch.in/templates/logicswave/jiva/source/light/assets/js/page/chart-echarts.js]
[www.radixtouch.in/templates/logicswave/jiva/source/light/chart-echart.html]
[www.radixtouch.in/templates/logicswave/jiva/source/light/assets/js/page/chart-chartjs.js]
[www.radixtouch.in/templates/logicswave/jiva/source/light/chart-chartjs.html]
[www.radixtouch.in/templates/logicswave/jiva/source/light/assets/js/page/sparkline.js]
[www.radixtouch.in/templates/logicswave/jiva/source/light/chart-sparkline.html]
[www.radixtouch.in/templates/logicswave/jiva/source/light/assets/bundles/morris/morris.min.js]
[www.radixtouch.in/templates/logicswave/jiva/source/light/assets/bundles/morris/raphael-min.js]
[www.radixtouch.in/templates/logicswave/jiva/source/light/assets/js/page/chart-morris.js]
[www.radixtouch.in/templates/logicswave/jiva/source/light/chart-morris.html]
[www.radixtouch.in/templates/logicswave/jiva/source/light/icon-font-awesome.html]
[www.radixtouch.in/templates/logicswave/jiva/source/light/icon-material.html]
[www.radixtouch.in/templates/logicswave/jiva/source/light/assets/js/page/ion-icons.js]
[www.radixtouch.in/templates/logicswave/jiva/source/light/icon-ionicons.html]
[www.radixtouch.in/templates/logicswave/jiva/source/light/icon-feather.html]
[www.radixtouch.in/templates/logicswave/jiva/source/light/icon-weather-icon.html]
[www.radixtouch.in/templates/logicswave/jiva/source/light/assets/img/image-gallery/1.png]
[www.radixtouch.in/templates/logicswave/jiva/source/light/assets/img/image-gallery/thumb/thumb-1.png]
[www.radixtouch.in/templates/logicswave/jiva/source/light/assets/img/image-gallery/2.png]
[www.radixtouch.in/templates/logicswave/jiva/source/light/assets/img/image-gallery/thumb/thumb-2.png]
[www.radixtouch.in/templates/logicswave/jiva/source/light/assets/img/image-gallery/thumb/thumb-3.png]
[www.radixtouch.in/templates/logicswave/jiva/source/light/assets/img/image-gallery/4.png]
[www.radixtouch.in/templates/logicswave/jiva/source/light/assets/img/image-gallery/thumb/thumb-4.png]
[www.radixtouch.in/templates/logicswave/jiva/source/light/assets/img/image-gallery/5.png]
[www.radixtouch.in/templates/logicswave/jiva/source/light/assets/img/image-gallery/thumb/thumb-5.png]
[www.radixtouch.in/templates/logicswave/jiva/source/light/assets/img/image-gallery/6.png]
[www.radixtouch.in/templates/logicswave/jiva/source/light/assets/img/image-gallery/thumb/thumb-6.png]
[www.radixtouch.in/templates/logicswave/jiva/source/light/assets/img/image-gallery/7.png]
[www.radixtouch.in/templates/logicswave/jiva/source/light/assets/img/image-gallery/thumb/thumb-7.png]
[www.radixtouch.in/templates/logicswave/jiva/source/light/assets/img/image-gallery/8.png]
[www.radixtouch.in/templates/logicswave/jiva/source/light/assets/img/image-gallery/thumb/thumb-8.png]
[www.radixtouch.in/templates/logicswave/jiva/source/light/assets/img/image-gallery/9.png]
[www.radixtouch.in/templates/logicswave/jiva/source/light/assets/img/image-gallery/thumb/thumb-9.png]
[www.radixtouch.in/templates/logicswave/jiva/source/light/assets/img/image-gallery/10.png]
[www.radixtouch.in/templates/logicswave/jiva/source/light/assets/img/image-gallery/thumb/thumb-10.png]
[www.radixtouch.in/templates/logicswave/jiva/source/light/assets/img/image-gallery/11.png]
[www.radixtouch.in/templates/logicswave/jiva/source/light/assets/img/image-gallery/thumb/thumb-11.png]
[www.radixtouch.in/templates/logicswave/jiva/source/light/assets/img/image-gallery/12.png]
[www.radixtouch.in/templates/logicswave/jiva/source/light/assets/img/image-gallery/thumb/thumb-12.png]
[www.radixtouch.in/templates/logicswave/jiva/source/light/assets/img/image-gallery/13.png]
[www.radixtouch.in/templates/logicswave/jiva/source/light/assets/img/image-gallery/thumb/thumb-13.png]
[www.radixtouch.in/templates/logicswave/jiva/source/light/assets/img/image-gallery/14.png]
[www.radixtouch.in/templates/logicswave/jiva/source/light/assets/img/image-gallery/thumb/thumb-14.png]
[www.radixtouch.in/templates/logicswave/jiva/source/light/assets/img/image-gallery/15.png]
[www.radixtouch.in/templates/logicswave/jiva/source/light/assets/img/image-gallery/thumb/thumb-15.png]
[www.radixtouch.in/templates/logicswave/jiva/source/light/assets/img/image-gallery/16.png]
[www.radixtouch.in/templates/logicswave/jiva/source/light/assets/img/image-gallery/thumb/thumb-16.png]
[www.radixtouch.in/templates/logicswave/jiva/source/light/assets/img/image-gallery/17.png]
[www.radixtouch.in/templates/logicswave/jiva/source/light/assets/img/image-gallery/thumb/thumb-17.png]
[www.radixtouch.in/templates/logicswave/jiva/source/light/assets/img/image-gallery/18.png]
[www.radixtouch.in/templates/logicswave/jiva/source/light/assets/img/image-gallery/thumb/thumb-18.png]
[www.radixtouch.in/templates/logicswave/jiva/source/light/assets/img/image-gallery/19.png]
[www.radixtouch.in/templates/logicswave/jiva/source/light/assets/img/image-gallery/thumb/thumb-19.png]
[www.radixtouch.in/templates/logicswave/jiva/source/light/assets/img/image-gallery/20.png]
[www.radixtouch.in/templates/logicswave/jiva/source/light/assets/img/image-gallery/thumb/thumb-20.png]
[www.radixtouch.in/templates/logicswave/jiva/source/light/assets/bundles/lightgallery/dist/js/lightgallery-all.js]
[www.radixtouch.in/templates/logicswave/jiva/source/light/assets/js/page/light-gallery.js]
[www.radixtouch.in/templates/logicswave/jiva/source/light/light-gallery.html]
[www.radixtouch.in/templates/logicswave/jiva/source/light/assets/img/blog/img11.png]
[www.radixtouch.in/templates/logicswave/jiva/source/light/assets/js/page/gallery1.js]
[www.radixtouch.in/templates/logicswave/jiva/source/light/gallery1.html]
[www.radixtouch.in/templates/logicswave/jiva/source/light/carousel.html]
[www.radixtouch.in/templates/logicswave/jiva/source/light/assets/js/page/owl-carousel.js]
[www.radixtouch.in/templates/logicswave/jiva/source/light/owl-carousel.html]
[www.radixtouch.in/templates/logicswave/jiva/source/light/assets/bundles/gmaps.js]
[www.radixtouch.in/templates/logicswave/jiva/source/light/assets/js/page/gmaps-advanced-route.js]
[www.radixtouch.in/templates/logicswave/jiva/source/light/gmaps-advanced-route.html]
[www.radixtouch.in/templates/logicswave/jiva/source/light/assets/js/page/gmaps-draggable-marker.js]
[www.radixtouch.in/templates/logicswave/jiva/source/light/gmaps-draggable-marker.html]
[www.radixtouch.in/templates/logicswave/jiva/source/light/assets/js/page/gmaps-geocoding.js]
[www.radixtouch.in/templates/logicswave/jiva/source/light/gmaps-geocoding.html]
[www.radixtouch.in/templates/logicswave/jiva/source/light/assets/js/page/gmaps-geolocation.js]
[www.radixtouch.in/templates/logicswave/jiva/source/light/gmaps-geolocation.html]
[www.radixtouch.in/templates/logicswave/jiva/source/light/assets/js/page/gmaps-marker.js]
[www.radixtouch.in/templates/logicswave/jiva/source/light/gmaps-marker.html]
[www.radixtouch.in/templates/logicswave/jiva/source/light/assets/js/page/gmaps-multiple-marker.js]
[www.radixtouch.in/templates/logicswave/jiva/source/light/gmaps-multiple-marker.html]
[www.radixtouch.in/templates/logicswave/jiva/source/light/assets/js/page/gmaps-route.js]
[www.radixtouch.in/templates/logicswave/jiva/source/light/gmaps-route.html]
[www.radixtouch.in/templates/logicswave/jiva/source/light/assets/js/page/gmaps-simple.js]
[www.radixtouch.in/templates/logicswave/jiva/source/light/gmaps-simple.html]
[www.radixtouch.in/templates/logicswave/jiva/source/light/assets/js/page/vector-map.js]
[www.radixtouch.in/templates/logicswave/jiva/source/light/vector-map.html]
[www.radixtouch.in/templates/logicswave/jiva/source/light/assets/js/page/auth-register.js]
[www.radixtouch.in/templates/logicswave/jiva/source/light/auth-register.html]
[www.radixtouch.in/templates/logicswave/jiva/source/light/auth-forgot-password.html]
[www.radixtouch.in/templates/logicswave/jiva/source/light/auth-reset-password.html]
[www.radixtouch.in/templates/logicswave/jiva/source/light/subscribe.html]
[www.radixtouch.in/templates/logicswave/jiva/source/light/errors-503.html]
[www.radixtouch.in/templates/logicswave/jiva/source/light/errors-403.html]
[www.radixtouch.in/templates/logicswave/jiva/source/light/errors-404.html]
[www.radixtouch.in/templates/logicswave/jiva/source/light/errors-500.html]
[www.radixtouch.in/templates/logicswave/jiva/source/light/assets/bundles/upload-preview/assets/js/jquery.uploadPreview.min.js]
[www.radixtouch.in/templates/logicswave/jiva/source/light/assets/js/page/create-post.js]
[www.radixtouch.in/templates/logicswave/jiva/source/light/create-post.html]
[www.radixtouch.in/templates/logicswave/jiva/source/light/assets/js/page/posts.js]
[www.radixtouch.in/templates/logicswave/jiva/source/light/posts.html]
[www.radixtouch.in/templates/logicswave/jiva/source/light/assets/js/page/contact.js]
[www.radixtouch.in/templates/logicswave/jiva/source/light/contact.html]
[www.radixtouch.in/templates/logicswave/jiva/source/light/assets/img/cards/paypal.png]
[www.radixtouch.in/templates/logicswave/jiva/source/light/invoice.html]
[www.radixtouch.in/templates/logicswave/jiva/source/light/assets/fonts/webfonts/fa-brands-400.svg]
[www.radixtouch.in/templates/logicswave/jiva/source/light/assets/fonts/webfonts/fa-regular-400.svg]
[www.radixtouch.in/templates/logicswave/jiva/source/light/assets/fonts/webfonts/fa-solid-900.svg]
[www.radixtouch.in/templates/logicswave/jiva/source/light/assets/img/spinner.svg]
[www.radixtouch.in/templates/logicswave/jiva/source/light/assets/img/spinner-white.svg]
[www.radixtouch.in/templates/logicswave/jiva/source/light/assets/fonts/roboto-v20-latin-regular.svg]
[www.radixtouch.in/templates/logicswave/jiva/source/light/assets/img/typing.svg]
[www.radixtouch.in/templates/logicswave/jiva/source/light/assets/bundles/bootstrap-social/bootstrap-social.css]
[www.radixtouch.in/templates/logicswave/jiva/source/light/assets/bundles/summernote/font/summernote4c4d.eot]
[www.radixtouch.in/templates/logicswave/jiva/source/light/assets/bundles/summernote/font/summernoted41d.eot]
[www.radixtouch.in/templates/logicswave/jiva/source/light/assets/bundles/summernote/font/summernote4c4d.woff]
[www.radixtouch.in/templates/logicswave/jiva/source/light/assets/bundles/summernote/font/summernote4c4d.ttf]
[www.radixtouch.in/templates/logicswave/jiva/source/light/assets/bundles/summernote/summernote-bs4.css]
[www.radixtouch.in/templates/logicswave/jiva/source/light/assets/bundles/flag-icon-css/css/flag-icon.min.css]
[www.radixtouch.in/templates/logicswave/jiva/source/light/assets/bundles/owlcarousel2/dist/assets/owl.video.play.png]
[www.radixtouch.in/templates/logicswave/jiva/source/light/assets/bundles/owlcarousel2/dist/assets/owl.carousel.min.css]
[www.radixtouch.in/templates/logicswave/jiva/source/light/assets/bundles/owlcarousel2/dist/assets/owl.theme.default.min.css]
[www.radixtouch.in/templates/logicswave/jiva/source/light/assets/bundles/fullcalendar/fullcalendar.min.css]
[www.radixtouch.in/templates/logicswave/jiva/source/light/assets/bundles/pretty-checkbox/pretty-checkbox.min.css]
[www.radixtouch.in/templates/logicswave/jiva/source/light/assets/bundles/flag-icon-css/flags/4x3/af.svg]
[www.radixtouch.in/templates/logicswave/jiva/source/light/assets/bundles/flag-icon-css/flags/4x3/ax.svg]
[www.radixtouch.in/templates/logicswave/jiva/source/light/assets/bundles/flag-icon-css/flags/4x3/al.svg]
[www.radixtouch.in/templates/logicswave/jiva/source/light/assets/bundles/flag-icon-css/flags/4x3/dz.svg]
[www.radixtouch.in/templates/logicswave/jiva/source/light/assets/bundles/flag-icon-css/flags/4x3/as.svg]
[www.radixtouch.in/templates/logicswave/jiva/source/light/assets/bundles/flag-icon-css/flags/4x3/ad.svg]
[www.radixtouch.in/templates/logicswave/jiva/source/light/assets/bundles/flag-icon-css/flags/4x3/ao.svg]
[www.radixtouch.in/templates/logicswave/jiva/source/light/assets/bundles/flag-icon-css/flags/4x3/ai.svg]
[www.radixtouch.in/templates/logicswave/jiva/source/light/assets/bundles/flag-icon-css/flags/4x3/ag.svg]
[www.radixtouch.in/templates/logicswave/jiva/source/light/assets/bundles/flag-icon-css/flags/4x3/ar.svg]
[www.radixtouch.in/templates/logicswave/jiva/source/light/assets/bundles/flag-icon-css/flags/4x3/am.svg]
[www.radixtouch.in/templates/logicswave/jiva/source/light/assets/bundles/flag-icon-css/flags/4x3/aw.svg]
[www.radixtouch.in/templates/logicswave/jiva/source/light/assets/bundles/flag-icon-css/flags/4x3/au.svg]
[www.radixtouch.in/templates/logicswave/jiva/source/light/assets/bundles/flag-icon-css/flags/4x3/at.svg]
[www.radixtouch.in/templates/logicswave/jiva/source/light/assets/bundles/flag-icon-css/flags/4x3/az.svg]
[www.radixtouch.in/templates/logicswave/jiva/source/light/assets/bundles/flag-icon-css/flags/4x3/bs.svg]
[www.radixtouch.in/templates/logicswave/jiva/source/light/assets/bundles/flag-icon-css/flags/4x3/bh.svg]
[www.radixtouch.in/templates/logicswave/jiva/source/light/assets/bundles/flag-icon-css/flags/4x3/bd.svg]
[www.radixtouch.in/templates/logicswave/jiva/source/light/assets/bundles/flag-icon-css/flags/4x3/bb.svg]
[www.radixtouch.in/templates/logicswave/jiva/source/light/assets/bundles/flag-icon-css/flags/4x3/by.svg]
[www.radixtouch.in/templates/logicswave/jiva/source/light/assets/bundles/flag-icon-css/flags/4x3/be.svg]
[www.radixtouch.in/templates/logicswave/jiva/source/light/assets/bundles/flag-icon-css/flags/4x3/bz.svg]
[www.radixtouch.in/templates/logicswave/jiva/source/light/assets/bundles/flag-icon-css/flags/4x3/bj.svg]
[www.radixtouch.in/templates/logicswave/jiva/source/light/assets/bundles/flag-icon-css/flags/4x3/bm.svg]
[www.radixtouch.in/templates/logicswave/jiva/source/light/assets/bundles/flag-icon-css/flags/4x3/bt.svg]
[www.radixtouch.in/templates/logicswave/jiva/source/light/assets/bundles/flag-icon-css/flags/4x3/bo.svg]
[www.radixtouch.in/templates/logicswave/jiva/source/light/assets/bundles/flag-icon-css/flags/4x3/bq.svg]
[www.radixtouch.in/templates/logicswave/jiva/source/light/assets/bundles/flag-icon-css/flags/4x3/ba.svg]
[www.radixtouch.in/templates/logicswave/jiva/source/light/assets/bundles/flag-icon-css/flags/4x3/bw.svg]
[www.radixtouch.in/templates/logicswave/jiva/source/light/assets/bundles/flag-icon-css/flags/4x3/br.svg]
[www.radixtouch.in/templates/logicswave/jiva/source/light/assets/bundles/flag-icon-css/flags/4x3/io.svg]
[www.radixtouch.in/templates/logicswave/jiva/source/light/assets/bundles/flag-icon-css/flags/4x3/bn.svg]
[www.radixtouch.in/templates/logicswave/jiva/source/light/assets/bundles/flag-icon-css/flags/4x3/bg.svg]
[www.radixtouch.in/templates/logicswave/jiva/source/light/assets/bundles/flag-icon-css/flags/4x3/bf.svg]
[www.radixtouch.in/templates/logicswave/jiva/source/light/assets/bundles/flag-icon-css/flags/4x3/bi.svg]
[www.radixtouch.in/templates/logicswave/jiva/source/light/assets/bundles/flag-icon-css/flags/4x3/cv.svg]
[www.radixtouch.in/templates/logicswave/jiva/source/light/assets/bundles/flag-icon-css/flags/4x3/kh.svg]
[www.radixtouch.in/templates/logicswave/jiva/source/light/assets/bundles/flag-icon-css/flags/4x3/cm.svg]
[www.radixtouch.in/templates/logicswave/jiva/source/light/assets/bundles/flag-icon-css/flags/4x3/ca.svg]
[www.radixtouch.in/templates/logicswave/jiva/source/light/assets/bundles/flag-icon-css/flags/4x3/ky.svg]
[www.radixtouch.in/templates/logicswave/jiva/source/light/assets/bundles/flag-icon-css/flags/4x3/cf.svg]
[www.radixtouch.in/templates/logicswave/jiva/source/light/assets/bundles/flag-icon-css/flags/4x3/td.svg]
[www.radixtouch.in/templates/logicswave/jiva/source/light/assets/bundles/flag-icon-css/flags/4x3/cl.svg]
[www.radixtouch.in/templates/logicswave/jiva/source/light/assets/bundles/flag-icon-css/flags/4x3/cn.svg]
[www.radixtouch.in/templates/logicswave/jiva/source/light/assets/bundles/flag-icon-css/flags/4x3/cx.svg]
[www.radixtouch.in/templates/logicswave/jiva/source/light/assets/bundles/flag-icon-css/flags/4x3/cc.svg]
[www.radixtouch.in/templates/logicswave/jiva/source/light/assets/bundles/flag-icon-css/flags/4x3/co.svg]
[www.radixtouch.in/templates/logicswave/jiva/source/light/assets/bundles/flag-icon-css/flags/4x3/km.svg]
[www.radixtouch.in/templates/logicswave/jiva/source/light/assets/bundles/flag-icon-css/flags/4x3/ck.svg]
[www.radixtouch.in/templates/logicswave/jiva/source/light/assets/bundles/flag-icon-css/flags/4x3/cr.svg]
[www.radixtouch.in/templates/logicswave/jiva/source/light/assets/bundles/flag-icon-css/flags/4x3/hr.svg]
[www.radixtouch.in/templates/logicswave/jiva/source/light/assets/bundles/flag-icon-css/flags/4x3/cu.svg]
[www.radixtouch.in/templates/logicswave/jiva/source/light/assets/bundles/flag-icon-css/flags/4x3/cw.svg]
[www.radixtouch.in/templates/logicswave/jiva/source/light/assets/bundles/flag-icon-css/flags/4x3/cy.svg]
[www.radixtouch.in/templates/logicswave/jiva/source/light/assets/bundles/flag-icon-css/flags/4x3/cz.svg]
[www.radixtouch.in/templates/logicswave/jiva/source/light/assets/bundles/flag-icon-css/flags/4x3/ci.svg]
[www.radixtouch.in/templates/logicswave/jiva/source/light/assets/bundles/flag-icon-css/flags/4x3/cd.svg]
[www.radixtouch.in/templates/logicswave/jiva/source/light/assets/bundles/flag-icon-css/flags/4x3/dk.svg]
[www.radixtouch.in/templates/logicswave/jiva/source/light/assets/bundles/flag-icon-css/flags/4x3/dj.svg]
[www.radixtouch.in/templates/logicswave/jiva/source/light/assets/bundles/flag-icon-css/flags/4x3/dm.svg]
[www.radixtouch.in/templates/logicswave/jiva/source/light/assets/bundles/flag-icon-css/flags/4x3/do.svg]
[www.radixtouch.in/templates/logicswave/jiva/source/light/assets/bundles/flag-icon-css/flags/4x3/ec.svg]
[www.radixtouch.in/templates/logicswave/jiva/source/light/assets/bundles/flag-icon-css/flags/4x3/eg.svg]
[www.radixtouch.in/templates/logicswave/jiva/source/light/assets/bundles/flag-icon-css/flags/4x3/sv.svg]
[www.radixtouch.in/templates/logicswave/jiva/source/light/assets/bundles/flag-icon-css/flags/4x3/gq.svg]
[www.radixtouch.in/templates/logicswave/jiva/source/light/assets/bundles/flag-icon-css/flags/4x3/er.svg]
[www.radixtouch.in/templates/logicswave/jiva/source/light/assets/bundles/flag-icon-css/flags/4x3/ee.svg]
[www.radixtouch.in/templates/logicswave/jiva/source/light/assets/bundles/flag-icon-css/flags/4x3/et.svg]
[www.radixtouch.in/templates/logicswave/jiva/source/light/assets/bundles/flag-icon-css/flags/4x3/fk.svg]
[www.radixtouch.in/templates/logicswave/jiva/source/light/assets/bundles/flag-icon-css/flags/4x3/fo.svg]
[www.radixtouch.in/templates/logicswave/jiva/source/light/assets/bundles/flag-icon-css/flags/4x3/fm.svg]
[www.radixtouch.in/templates/logicswave/jiva/source/light/assets/bundles/flag-icon-css/flags/4x3/fj.svg]
[www.radixtouch.in/templates/logicswave/jiva/source/light/assets/bundles/flag-icon-css/flags/4x3/fi.svg]
[www.radixtouch.in/templates/logicswave/jiva/source/light/assets/bundles/flag-icon-css/flags/4x3/mk.svg]
[www.radixtouch.in/templates/logicswave/jiva/source/light/assets/bundles/flag-icon-css/flags/4x3/fr.svg]
[www.radixtouch.in/templates/logicswave/jiva/source/light/assets/bundles/flag-icon-css/flags/4x3/gf.svg]
[www.radixtouch.in/templates/logicswave/jiva/source/light/assets/bundles/flag-icon-css/flags/4x3/pf.svg]
[www.radixtouch.in/templates/logicswave/jiva/source/light/assets/bundles/flag-icon-css/flags/4x3/tf.svg]
[www.radixtouch.in/templates/logicswave/jiva/source/light/assets/bundles/flag-icon-css/flags/4x3/ga.svg]
[www.radixtouch.in/templates/logicswave/jiva/source/light/assets/bundles/flag-icon-css/flags/4x3/gm.svg]
[www.radixtouch.in/templates/logicswave/jiva/source/light/assets/bundles/flag-icon-css/flags/4x3/ge.svg]
[www.radixtouch.in/templates/logicswave/jiva/source/light/assets/bundles/flag-icon-css/flags/4x3/de.svg]
[www.radixtouch.in/templates/logicswave/jiva/source/light/assets/bundles/flag-icon-css/flags/4x3/gh.svg]
[www.radixtouch.in/templates/logicswave/jiva/source/light/assets/bundles/flag-icon-css/flags/4x3/gi.svg]
[www.radixtouch.in/templates/logicswave/jiva/source/light/assets/bundles/flag-icon-css/flags/4x3/gr.svg]
[www.radixtouch.in/templates/logicswave/jiva/source/light/assets/bundles/flag-icon-css/flags/4x3/gl.svg]
[www.radixtouch.in/templates/logicswave/jiva/source/light/assets/bundles/flag-icon-css/flags/4x3/gd.svg]
[www.radixtouch.in/templates/logicswave/jiva/source/light/assets/bundles/flag-icon-css/flags/4x3/gp.svg]
[www.radixtouch.in/templates/logicswave/jiva/source/light/assets/bundles/flag-icon-css/flags/4x3/gu.svg]
[www.radixtouch.in/templates/logicswave/jiva/source/light/assets/bundles/flag-icon-css/flags/4x3/gt.svg]
[www.radixtouch.in/templates/logicswave/jiva/source/light/assets/bundles/flag-icon-css/flags/4x3/gg.svg]
[www.radixtouch.in/templates/logicswave/jiva/source/light/assets/bundles/flag-icon-css/flags/4x3/gn.svg]
[www.radixtouch.in/templates/logicswave/jiva/source/light/assets/bundles/flag-icon-css/flags/4x3/gw.svg]
[www.radixtouch.in/templates/logicswave/jiva/source/light/assets/bundles/flag-icon-css/flags/4x3/gy.svg]
[www.radixtouch.in/templates/logicswave/jiva/source/light/assets/bundles/flag-icon-css/flags/4x3/ht.svg]
[www.radixtouch.in/templates/logicswave/jiva/source/light/assets/bundles/flag-icon-css/flags/4x3/va.svg]
[www.radixtouch.in/templates/logicswave/jiva/source/light/assets/bundles/flag-icon-css/flags/4x3/hn.svg]
[www.radixtouch.in/templates/logicswave/jiva/source/light/assets/bundles/flag-icon-css/flags/4x3/hk.svg]
[www.radixtouch.in/templates/logicswave/jiva/source/light/assets/bundles/flag-icon-css/flags/4x3/hu.svg]
[www.radixtouch.in/templates/logicswave/jiva/source/light/assets/bundles/flag-icon-css/flags/4x3/is.svg]
[www.radixtouch.in/templates/logicswave/jiva/source/light/assets/bundles/flag-icon-css/flags/4x3/in.svg]
[www.radixtouch.in/templates/logicswave/jiva/source/light/assets/bundles/flag-icon-css/flags/4x3/id.svg]
[www.radixtouch.in/templates/logicswave/jiva/source/light/assets/bundles/flag-icon-css/flags/4x3/ir.svg]
[www.radixtouch.in/templates/logicswave/jiva/source/light/assets/bundles/flag-icon-css/flags/4x3/iq.svg]
[www.radixtouch.in/templates/logicswave/jiva/source/light/assets/bundles/flag-icon-css/flags/4x3/ie.svg]
[www.radixtouch.in/templates/logicswave/jiva/source/light/assets/bundles/flag-icon-css/flags/4x3/im.svg]
[www.radixtouch.in/templates/logicswave/jiva/source/light/assets/bundles/flag-icon-css/flags/4x3/il.svg]
[www.radixtouch.in/templates/logicswave/jiva/source/light/assets/bundles/flag-icon-css/flags/4x3/it.svg]
[www.radixtouch.in/templates/logicswave/jiva/source/light/assets/bundles/flag-icon-css/flags/4x3/jm.svg]
[www.radixtouch.in/templates/logicswave/jiva/source/light/assets/bundles/flag-icon-css/flags/4x3/jp.svg]
[www.radixtouch.in/templates/logicswave/jiva/source/light/assets/bundles/flag-icon-css/flags/4x3/je.svg]
[www.radixtouch.in/templates/logicswave/jiva/source/light/assets/bundles/flag-icon-css/flags/4x3/jo.svg]
[www.radixtouch.in/templates/logicswave/jiva/source/light/assets/bundles/flag-icon-css/flags/4x3/kz.svg]
[www.radixtouch.in/templates/logicswave/jiva/source/light/assets/bundles/flag-icon-css/flags/4x3/ke.svg]
[www.radixtouch.in/templates/logicswave/jiva/source/light/assets/bundles/flag-icon-css/flags/4x3/ki.svg]
[www.radixtouch.in/templates/logicswave/jiva/source/light/assets/bundles/flag-icon-css/flags/4x3/kw.svg]
[www.radixtouch.in/templates/logicswave/jiva/source/light/assets/bundles/flag-icon-css/flags/4x3/kg.svg]
[www.radixtouch.in/templates/logicswave/jiva/source/light/assets/bundles/flag-icon-css/flags/4x3/la.svg]
[www.radixtouch.in/templates/logicswave/jiva/source/light/assets/bundles/flag-icon-css/flags/4x3/lv.svg]
[www.radixtouch.in/templates/logicswave/jiva/source/light/assets/bundles/flag-icon-css/flags/4x3/lb.svg]
[www.radixtouch.in/templates/logicswave/jiva/source/light/assets/bundles/flag-icon-css/flags/4x3/ls.svg]
[www.radixtouch.in/templates/logicswave/jiva/source/light/assets/bundles/flag-icon-css/flags/4x3/lr.svg]
[www.radixtouch.in/templates/logicswave/jiva/source/light/assets/bundles/flag-icon-css/flags/4x3/ly.svg]
[www.radixtouch.in/templates/logicswave/jiva/source/light/assets/bundles/flag-icon-css/flags/4x3/li.svg]
[www.radixtouch.in/templates/logicswave/jiva/source/light/assets/bundles/flag-icon-css/flags/4x3/lt.svg]
[www.radixtouch.in/templates/logicswave/jiva/source/light/assets/bundles/flag-icon-css/flags/4x3/lu.svg]
[www.radixtouch.in/templates/logicswave/jiva/source/light/assets/bundles/flag-icon-css/flags/4x3/mo.svg]
[www.radixtouch.in/templates/logicswave/jiva/source/light/assets/bundles/flag-icon-css/flags/4x3/mg.svg]
[www.radixtouch.in/templates/logicswave/jiva/source/light/assets/bundles/flag-icon-css/flags/4x3/mw.svg]
[www.radixtouch.in/templates/logicswave/jiva/source/light/assets/bundles/flag-icon-css/flags/4x3/my.svg]
[www.radixtouch.in/templates/logicswave/jiva/source/light/assets/bundles/flag-icon-css/flags/4x3/mv.svg]
[www.radixtouch.in/templates/logicswave/jiva/source/light/assets/bundles/flag-icon-css/flags/4x3/ml.svg]
[www.radixtouch.in/templates/logicswave/jiva/source/light/assets/bundles/flag-icon-css/flags/4x3/mt.svg]
[www.radixtouch.in/templates/logicswave/jiva/source/light/assets/bundles/flag-icon-css/flags/4x3/mh.svg]
[www.radixtouch.in/templates/logicswave/jiva/source/light/assets/bundles/flag-icon-css/flags/4x3/mq.svg]
[www.radixtouch.in/templates/logicswave/jiva/source/light/assets/bundles/flag-icon-css/flags/4x3/mr.svg]
[www.radixtouch.in/templates/logicswave/jiva/source/light/assets/bundles/flag-icon-css/flags/4x3/mu.svg]
[www.radixtouch.in/templates/logicswave/jiva/source/light/assets/bundles/flag-icon-css/flags/4x3/yt.svg]
[www.radixtouch.in/templates/logicswave/jiva/source/light/assets/bundles/flag-icon-css/flags/4x3/mx.svg]
[www.radixtouch.in/templates/logicswave/jiva/source/light/assets/bundles/flag-icon-css/flags/4x3/md.svg]
[www.radixtouch.in/templates/logicswave/jiva/source/light/assets/bundles/flag-icon-css/flags/4x3/mc.svg]
[www.radixtouch.in/templates/logicswave/jiva/source/light/assets/bundles/flag-icon-css/flags/4x3/mn.svg]
[www.radixtouch.in/templates/logicswave/jiva/source/light/assets/bundles/flag-icon-css/flags/4x3/me.svg]
[www.radixtouch.in/templates/logicswave/jiva/source/light/assets/bundles/flag-icon-css/flags/4x3/ms.svg]
[www.radixtouch.in/templates/logicswave/jiva/source/light/assets/bundles/flag-icon-css/flags/4x3/ma.svg]
[www.radixtouch.in/templates/logicswave/jiva/source/light/assets/bundles/flag-icon-css/flags/4x3/mz.svg]
[www.radixtouch.in/templates/logicswave/jiva/source/light/assets/bundles/flag-icon-css/flags/4x3/mm.svg]
[www.radixtouch.in/templates/logicswave/jiva/source/light/assets/bundles/flag-icon-css/flags/4x3/na.svg]
[www.radixtouch.in/templates/logicswave/jiva/source/light/assets/bundles/flag-icon-css/flags/4x3/nr.svg]
[www.radixtouch.in/templates/logicswave/jiva/source/light/assets/bundles/flag-icon-css/flags/4x3/np.svg]
[www.radixtouch.in/templates/logicswave/jiva/source/light/assets/bundles/flag-icon-css/flags/4x3/nl.svg]
[www.radixtouch.in/templates/logicswave/jiva/source/light/assets/bundles/flag-icon-css/flags/4x3/nc.svg]
[www.radixtouch.in/templates/logicswave/jiva/source/light/assets/bundles/flag-icon-css/flags/4x3/nz.svg]
[www.radixtouch.in/templates/logicswave/jiva/source/light/assets/bundles/flag-icon-css/flags/4x3/ni.svg]
[www.radixtouch.in/templates/logicswave/jiva/source/light/assets/bundles/flag-icon-css/flags/4x3/ne.svg]
[www.radixtouch.in/templates/logicswave/jiva/source/light/assets/bundles/flag-icon-css/flags/4x3/ng.svg]
[www.radixtouch.in/templates/logicswave/jiva/source/light/assets/bundles/flag-icon-css/flags/4x3/nu.svg]
[www.radixtouch.in/templates/logicswave/jiva/source/light/assets/bundles/flag-icon-css/flags/4x3/nf.svg]
[www.radixtouch.in/templates/logicswave/jiva/source/light/assets/bundles/flag-icon-css/flags/4x3/kp.svg]
[www.radixtouch.in/templates/logicswave/jiva/source/light/assets/bundles/flag-icon-css/flags/4x3/mp.svg]
[www.radixtouch.in/templates/logicswave/jiva/source/light/assets/bundles/flag-icon-css/flags/4x3/no.svg]
[www.radixtouch.in/templates/logicswave/jiva/source/light/assets/bundles/flag-icon-css/flags/4x3/om.svg]
[www.radixtouch.in/templates/logicswave/jiva/source/light/assets/bundles/flag-icon-css/flags/4x3/pk.svg]
[www.radixtouch.in/templates/logicswave/jiva/source/light/assets/bundles/flag-icon-css/flags/4x3/pw.svg]
[www.radixtouch.in/templates/logicswave/jiva/source/light/assets/bundles/flag-icon-css/flags/4x3/pa.svg]
[www.radixtouch.in/templates/logicswave/jiva/source/light/assets/bundles/flag-icon-css/flags/4x3/pg.svg]
[www.radixtouch.in/templates/logicswave/jiva/source/light/assets/bundles/flag-icon-css/flags/4x3/py.svg]
[www.radixtouch.in/templates/logicswave/jiva/source/light/assets/bundles/flag-icon-css/flags/4x3/pe.svg]
[www.radixtouch.in/templates/logicswave/jiva/source/light/assets/bundles/flag-icon-css/flags/4x3/ph.svg]
[www.radixtouch.in/templates/logicswave/jiva/source/light/assets/bundles/flag-icon-css/flags/4x3/pn.svg]
[www.radixtouch.in/templates/logicswave/jiva/source/light/assets/bundles/flag-icon-css/flags/4x3/pl.svg]
[www.radixtouch.in/templates/logicswave/jiva/source/light/assets/bundles/flag-icon-css/flags/4x3/pt.svg]
[www.radixtouch.in/templates/logicswave/jiva/source/light/assets/bundles/flag-icon-css/flags/4x3/pr.svg]
[www.radixtouch.in/templates/logicswave/jiva/source/light/assets/bundles/flag-icon-css/flags/4x3/qa.svg]
[www.radixtouch.in/templates/logicswave/jiva/source/light/assets/bundles/flag-icon-css/flags/4x3/cg.svg]
[www.radixtouch.in/templates/logicswave/jiva/source/light/assets/bundles/flag-icon-css/flags/4x3/ro.svg]
[www.radixtouch.in/templates/logicswave/jiva/source/light/assets/bundles/flag-icon-css/flags/4x3/ru.svg]
[www.radixtouch.in/templates/logicswave/jiva/source/light/assets/bundles/flag-icon-css/flags/4x3/rw.svg]
[www.radixtouch.in/templates/logicswave/jiva/source/light/assets/bundles/flag-icon-css/flags/4x3/re.svg]
[www.radixtouch.in/templates/logicswave/jiva/source/light/assets/bundles/flag-icon-css/flags/4x3/bl.svg]
[www.radixtouch.in/templates/logicswave/jiva/source/light/assets/bundles/flag-icon-css/flags/4x3/sh.svg]
[www.radixtouch.in/templates/logicswave/jiva/source/light/assets/bundles/flag-icon-css/flags/4x3/kn.svg]
[www.radixtouch.in/templates/logicswave/jiva/source/light/assets/bundles/flag-icon-css/flags/4x3/lc.svg]
[www.radixtouch.in/templates/logicswave/jiva/source/light/assets/bundles/flag-icon-css/flags/4x3/mf.svg]
[www.radixtouch.in/templates/logicswave/jiva/source/light/assets/bundles/flag-icon-css/flags/4x3/pm.svg]
[www.radixtouch.in/templates/logicswave/jiva/source/light/assets/bundles/flag-icon-css/flags/4x3/vc.svg]
[www.radixtouch.in/templates/logicswave/jiva/source/light/assets/bundles/flag-icon-css/flags/4x3/ws.svg]
[www.radixtouch.in/templates/logicswave/jiva/source/light/assets/bundles/flag-icon-css/flags/4x3/sm.svg]
[www.radixtouch.in/templates/logicswave/jiva/source/light/assets/bundles/flag-icon-css/flags/4x3/st.svg]
[www.radixtouch.in/templates/logicswave/jiva/source/light/assets/bundles/flag-icon-css/flags/4x3/sa.svg]
[www.radixtouch.in/templates/logicswave/jiva/source/light/assets/bundles/flag-icon-css/flags/4x3/sn.svg]
[www.radixtouch.in/templates/logicswave/jiva/source/light/assets/bundles/flag-icon-css/flags/4x3/rs.svg]
[www.radixtouch.in/templates/logicswave/jiva/source/light/assets/bundles/flag-icon-css/flags/4x3/sc.svg]
[www.radixtouch.in/templates/logicswave/jiva/source/light/assets/bundles/flag-icon-css/flags/4x3/sl.svg]
[www.radixtouch.in/templates/logicswave/jiva/source/light/assets/bundles/flag-icon-css/flags/4x3/sg.svg]
[www.radixtouch.in/templates/logicswave/jiva/source/light/assets/bundles/flag-icon-css/flags/4x3/sx.svg]
[www.radixtouch.in/templates/logicswave/jiva/source/light/assets/bundles/flag-icon-css/flags/4x3/sk.svg]
[www.radixtouch.in/templates/logicswave/jiva/source/light/assets/bundles/flag-icon-css/flags/4x3/si.svg]
[www.radixtouch.in/templates/logicswave/jiva/source/light/assets/bundles/flag-icon-css/flags/4x3/sb.svg]
[www.radixtouch.in/templates/logicswave/jiva/source/light/assets/bundles/flag-icon-css/flags/4x3/so.svg]
[www.radixtouch.in/templates/logicswave/jiva/source/light/assets/bundles/flag-icon-css/flags/4x3/za.svg]
[www.radixtouch.in/templates/logicswave/jiva/source/light/assets/bundles/flag-icon-css/flags/4x3/gs.svg]
[www.radixtouch.in/templates/logicswave/jiva/source/light/assets/bundles/flag-icon-css/flags/4x3/kr.svg]
[www.radixtouch.in/templates/logicswave/jiva/source/light/assets/bundles/flag-icon-css/flags/4x3/ss.svg]
[www.radixtouch.in/templates/logicswave/jiva/source/light/assets/bundles/flag-icon-css/flags/4x3/es.svg]
[www.radixtouch.in/templates/logicswave/jiva/source/light/assets/bundles/flag-icon-css/flags/4x3/lk.svg]
[www.radixtouch.in/templates/logicswave/jiva/source/light/assets/bundles/flag-icon-css/flags/4x3/ps.svg]
[www.radixtouch.in/templates/logicswave/jiva/source/light/assets/bundles/flag-icon-css/flags/4x3/sd.svg]
[www.radixtouch.in/templates/logicswave/jiva/source/light/assets/bundles/flag-icon-css/flags/4x3/sr.svg]
[www.radixtouch.in/templates/logicswave/jiva/source/light/assets/bundles/flag-icon-css/flags/4x3/sj.svg]
[www.radixtouch.in/templates/logicswave/jiva/source/light/assets/bundles/flag-icon-css/flags/4x3/sz.svg]
[www.radixtouch.in/templates/logicswave/jiva/source/light/assets/bundles/flag-icon-css/flags/4x3/se.svg]
[www.radixtouch.in/templates/logicswave/jiva/source/light/assets/bundles/flag-icon-css/flags/4x3/ch.svg]
[www.radixtouch.in/templates/logicswave/jiva/source/light/assets/bundles/flag-icon-css/flags/4x3/sy.svg]
[www.radixtouch.in/templates/logicswave/jiva/source/light/assets/bundles/flag-icon-css/flags/4x3/tw.svg]
[www.radixtouch.in/templates/logicswave/jiva/source/light/assets/bundles/flag-icon-css/flags/4x3/tj.svg]
[www.radixtouch.in/templates/logicswave/jiva/source/light/assets/bundles/flag-icon-css/flags/4x3/tz.svg]
[www.radixtouch.in/templates/logicswave/jiva/source/light/assets/bundles/flag-icon-css/flags/4x3/th.svg]
[www.radixtouch.in/templates/logicswave/jiva/source/light/assets/bundles/flag-icon-css/flags/4x3/tl.svg]
[www.radixtouch.in/templates/logicswave/jiva/source/light/assets/bundles/flag-icon-css/flags/4x3/tg.svg]
[www.radixtouch.in/templates/logicswave/jiva/source/light/assets/bundles/flag-icon-css/flags/4x3/tk.svg]
[www.radixtouch.in/templates/logicswave/jiva/source/light/assets/bundles/flag-icon-css/flags/4x3/to.svg]
[www.radixtouch.in/templates/logicswave/jiva/source/light/assets/bundles/flag-icon-css/flags/4x3/tt.svg]
[www.radixtouch.in/templates/logicswave/jiva/source/light/assets/bundles/flag-icon-css/flags/4x3/tn.svg]
[www.radixtouch.in/templates/logicswave/jiva/source/light/assets/bundles/flag-icon-css/flags/4x3/tr.svg]
[www.radixtouch.in/templates/logicswave/jiva/source/light/assets/bundles/flag-icon-css/flags/4x3/tm.svg]
[www.radixtouch.in/templates/logicswave/jiva/source/light/assets/bundles/flag-icon-css/flags/4x3/tc.svg]
[www.radixtouch.in/templates/logicswave/jiva/source/light/assets/bundles/flag-icon-css/flags/4x3/tv.svg]
[www.radixtouch.in/templates/logicswave/jiva/source/light/assets/bundles/flag-icon-css/flags/4x3/ug.svg]
[www.radixtouch.in/templates/logicswave/jiva/source/light/assets/bundles/flag-icon-css/flags/4x3/ua.svg]
[www.radixtouch.in/templates/logicswave/jiva/source/light/assets/bundles/flag-icon-css/flags/4x3/ae.svg]
[www.radixtouch.in/templates/logicswave/jiva/source/light/assets/bundles/flag-icon-css/flags/4x3/gb.svg]
[www.radixtouch.in/templates/logicswave/jiva/source/light/assets/bundles/flag-icon-css/flags/4x3/um.svg]
[www.radixtouch.in/templates/logicswave/jiva/source/light/assets/bundles/flag-icon-css/flags/4x3/us.svg]
[www.radixtouch.in/templates/logicswave/jiva/source/light/assets/bundles/flag-icon-css/flags/4x3/uy.svg]
[www.radixtouch.in/templates/logicswave/jiva/source/light/assets/bundles/flag-icon-css/flags/4x3/uz.svg]
[www.radixtouch.in/templates/logicswave/jiva/source/light/assets/bundles/flag-icon-css/flags/4x3/vu.svg]
[www.radixtouch.in/templates/logicswave/jiva/source/light/assets/bundles/flag-icon-css/flags/4x3/ve.svg]
[www.radixtouch.in/templates/logicswave/jiva/source/light/assets/bundles/flag-icon-css/flags/4x3/vn.svg]
[www.radixtouch.in/templates/logicswave/jiva/source/light/assets/bundles/flag-icon-css/flags/4x3/vg.svg]
[www.radixtouch.in/templates/logicswave/jiva/source/light/assets/bundles/flag-icon-css/flags/4x3/vi.svg]
[www.radixtouch.in/templates/logicswave/jiva/source/light/assets/bundles/flag-icon-css/flags/4x3/wf.svg]
[www.radixtouch.in/templates/logicswave/jiva/source/light/assets/bundles/flag-icon-css/flags/4x3/eh.svg]
[www.radixtouch.in/templates/logicswave/jiva/source/light/assets/bundles/flag-icon-css/flags/4x3/ye.svg]
[www.radixtouch.in/templates/logicswave/jiva/source/light/assets/bundles/flag-icon-css/flags/4x3/zm.svg]
[www.radixtouch.in/templates/logicswave/jiva/source/light/assets/bundles/flag-icon-css/flags/4x3/zw.svg]
[www.radixtouch.in/templates/logicswave/jiva/source/light/assets/bundles/prism/prism.css]
[www.radixtouch.in/templates/logicswave/jiva/source/light/assets/bundles/chocolat/dist/images/loader.gif]
[www.radixtouch.in/templates/logicswave/jiva/source/light/assets/bundles/chocolat/dist/images/left.png]
[www.radixtouch.in/templates/logicswave/jiva/source/light/assets/bundles/chocolat/dist/images/right.png]
[www.radixtouch.in/templates/logicswave/jiva/source/light/assets/bundles/chocolat/dist/images/close.png]
[www.radixtouch.in/templates/logicswave/jiva/source/light/assets/bundles/chocolat/dist/images/fullscreen.png]
[www.radixtouch.in/templates/logicswave/jiva/source/light/assets/bundles/chocolat/dist/css/chocolat.css]
[www.radixtouch.in/templates/logicswave/jiva/source/light/assets/bundles/izitoast/css/iziToast.min.css]
[www.radixtouch.in/templates/logicswave/jiva/source/light/assets/bundles/dropzonejs/dropzone.css]
[www.radixtouch.in/templates/logicswave/jiva/source/light/assets/bundles/bootstrap-daterangepicker/daterangepicker.css]
[www.radixtouch.in/templates/logicswave/jiva/source/light/assets/bundles/bootstrap-colorpicker/dist/css/bootstrap-colorpicker.min.css]
[www.radixtouch.in/templates/logicswave/jiva/source/light/assets/bundles/select2/dist/css/select2.min.css]
[www.radixtouch.in/templates/logicswave/jiva/source/light/assets/bundles/jquery-selectric/selectric.css]
[www.radixtouch.in/templates/logicswave/jiva/source/light/assets/bundles/bootstrap-timepicker/css/bootstrap-timepicker.min.css]
[www.radixtouch.in/templates/logicswave/jiva/source/light/assets/bundles/bootstrap-tagsinput/dist/bootstrap-tagsinput.css]
[www.radixtouch.in/templates/logicswave/jiva/source/light/assets/bundles/codemirror/lib/codemirror.css]
[www.radixtouch.in/templates/logicswave/jiva/source/light/assets/bundles/codemirror/theme/duotone-dark.css]
[www.radixtouch.in/templates/logicswave/jiva/source/light/assets/bundles/datatables/datatables.min.css]
[www.radixtouch.in/templates/logicswave/jiva/source/light/assets/bundles/datatables/DataTables-1.10.16/css/dataTables.bootstrap4.min.css]
[www.radixtouch.in/templates/logicswave/jiva/source/light/assets/bundles/footable-bootstrap/css/footable.bootstrap.min.css]
[www.radixtouch.in/templates/logicswave/jiva/source/light/assets/bundles/footable-bootstrap/css/footable.standalone.min.css]
[cdnjs.cloudflare.com/ajax/libs/font-awesome/4.7.0/css/font-awesome.min.css]
[www.radixtouch.in/templates/logicswave/jiva/source/light/assets/bundles/datatables/Select-1.2.4/css/select.bootstrap4.min.css]
[www.radixtouch.in/templates/logicswave/jiva/source/light/assets/bundles/morris/morris.css]
[www.radixtouch.in/templates/logicswave/jiva/source/light/assets/bundles/ionicons/fonts/ionicons28b5.eot]
[www.radixtouch.in/templates/logicswave/jiva/source/light/assets/bundles/ionicons/fonts/ionicons28b5.ttf]
[www.radixtouch.in/templates/logicswave/jiva/source/light/assets/bundles/ionicons/fonts/ionicons28b5.woff]
[www.radixtouch.in/templates/logicswave/jiva/source/light/assets/bundles/ionicons/css/ionicons.min.css]
[www.radixtouch.in/templates/logicswave/jiva/source/light/assets/bundles/weather-icon/font/weathericons-regular-webfont.eot]
[www.radixtouch.in/templates/logicswave/jiva/source/light/assets/bundles/weather-icon/font/weathericons-regular-webfont.woff2]
[www.radixtouch.in/templates/logicswave/jiva/source/light/assets/bundles/weather-icon/font/weathericons-regular-webfontd41d.eot]
[www.radixtouch.in/templates/logicswave/jiva/source/light/assets/bundles/weather-icon/font/weathericons-regular-webfont.woff]
[www.radixtouch.in/templates/logicswave/jiva/source/light/assets/bundles/weather-icon/font/weathericons-regular-webfont.ttf]
[www.radixtouch.in/templates/logicswave/jiva/source/light/assets/bundles/weather-icon/css/weather-icons.min.css]
[www.radixtouch.in/templates/logicswave/jiva/source/light/assets/bundles/weather-icon/css/weather-icons-wind.min.css]
[www.radixtouch.in/templates/logicswave/jiva/source/light/assets/bundles/lightgallery/dist/fonts/lgd641.eot]
[www.radixtouch.in/templates/logicswave/jiva/source/light/assets/bundles/lightgallery/dist/fonts/lgd41d.eot]
[www.radixtouch.in/templates/logicswave/jiva/source/light/assets/bundles/lightgallery/dist/fonts/lgd641.woff]
[www.radixtouch.in/templates/logicswave/jiva/source/light/assets/bundles/lightgallery/dist/fonts/lgd641.ttf]
[www.radixtouch.in/templates/logicswave/jiva/source/light/assets/bundles/lightgallery/dist/img/vimeo-play.png]
[www.radixtouch.in/templates/logicswave/jiva/source/light/assets/bundles/lightgallery/dist/img/video-play.png]
[www.radixtouch.in/templates/logicswave/jiva/source/light/assets/bundles/lightgallery/dist/img/youtube-play.png]
[www.radixtouch.in/templates/logicswave/jiva/source/light/assets/bundles/lightgallery/dist/img/loading.gif]
[www.radixtouch.in/templates/logicswave/jiva/source/light/assets/bundles/lightgallery/dist/css/lightgallery.css]
[www.radixtouch.in/templates/logicswave/jiva/source/light/assets/bundles/flag-icon-css/flags/1x1/ad.svg]
[www.radixtouch.in/templates/logicswave/jiva/source/light/assets/bundles/flag-icon-css/flags/1x1/ae.svg]
[www.radixtouch.in/templates/logicswave/jiva/source/light/assets/bundles/flag-icon-css/flags/1x1/af.svg]
[www.radixtouch.in/templates/logicswave/jiva/source/light/assets/bundles/flag-icon-css/flags/1x1/ag.svg]
[www.radixtouch.in/templates/logicswave/jiva/source/light/assets/bundles/flag-icon-css/flags/1x1/ai.svg]
[www.radixtouch.in/templates/logicswave/jiva/source/light/assets/bundles/flag-icon-css/flags/1x1/al.svg]
[www.radixtouch.in/templates/logicswave/jiva/source/light/assets/bundles/flag-icon-css/flags/1x1/am.svg]
[www.radixtouch.in/templates/logicswave/jiva/source/light/assets/bundles/flag-icon-css/flags/1x1/ao.svg]
[www.radixtouch.in/templates/logicswave/jiva/source/light/assets/bundles/flag-icon-css/flags/4x3/aq.svg]
[www.radixtouch.in/templates/logicswave/jiva/source/light/assets/bundles/flag-icon-css/flags/1x1/aq.svg]
[www.radixtouch.in/templates/logicswave/jiva/source/light/assets/bundles/flag-icon-css/flags/1x1/ar.svg]
[www.radixtouch.in/templates/logicswave/jiva/source/light/assets/bundles/flag-icon-css/flags/1x1/as.svg]
[www.radixtouch.in/templates/logicswave/jiva/source/light/assets/bundles/flag-icon-css/flags/1x1/at.svg]
[www.radixtouch.in/templates/logicswave/jiva/source/light/assets/bundles/flag-icon-css/flags/1x1/au.svg]
[www.radixtouch.in/templates/logicswave/jiva/source/light/assets/bundles/flag-icon-css/flags/1x1/aw.svg]
[www.radixtouch.in/templates/logicswave/jiva/source/light/assets/bundles/flag-icon-css/flags/1x1/ax.svg]
[www.radixtouch.in/templates/logicswave/jiva/source/light/assets/bundles/flag-icon-css/flags/1x1/az.svg]
[www.radixtouch.in/templates/logicswave/jiva/source/light/assets/bundles/flag-icon-css/flags/1x1/ba.svg]
[www.radixtouch.in/templates/logicswave/jiva/source/light/assets/bundles/flag-icon-css/flags/1x1/bb.svg]
[www.radixtouch.in/templates/logicswave/jiva/source/light/assets/bundles/flag-icon-css/flags/1x1/bd.svg]
[www.radixtouch.in/templates/logicswave/jiva/source/light/assets/bundles/flag-icon-css/flags/1x1/be.svg]
[www.radixtouch.in/templates/logicswave/jiva/source/light/assets/bundles/flag-icon-css/flags/1x1/bf.svg]
[www.radixtouch.in/templates/logicswave/jiva/source/light/assets/bundles/flag-icon-css/flags/1x1/bg.svg]
[www.radixtouch.in/templates/logicswave/jiva/source/light/assets/bundles/flag-icon-css/flags/1x1/bh.svg]
[www.radixtouch.in/templates/logicswave/jiva/source/light/assets/bundles/flag-icon-css/flags/1x1/bi.svg]
[www.radixtouch.in/templates/logicswave/jiva/source/light/assets/bundles/flag-icon-css/flags/1x1/bj.svg]
[www.radixtouch.in/templates/logicswave/jiva/source/light/assets/bundles/flag-icon-css/flags/1x1/bl.svg]
[www.radixtouch.in/templates/logicswave/jiva/source/light/assets/bundles/flag-icon-css/flags/1x1/bm.svg]
[www.radixtouch.in/templates/logicswave/jiva/source/light/assets/bundles/flag-icon-css/flags/1x1/bn.svg]
[www.radixtouch.in/templates/logicswave/jiva/source/light/assets/bundles/flag-icon-css/flags/1x1/bo.svg]
[www.radixtouch.in/templates/logicswave/jiva/source/light/assets/bundles/flag-icon-css/flags/1x1/bq.svg]
[www.radixtouch.in/templates/logicswave/jiva/source/light/assets/bundles/flag-icon-css/flags/1x1/br.svg]
[www.radixtouch.in/templates/logicswave/jiva/source/light/assets/bundles/flag-icon-css/flags/1x1/bs.svg]
[www.radixtouch.in/templates/logicswave/jiva/source/light/assets/bundles/flag-icon-css/flags/1x1/bt.svg]
[www.radixtouch.in/templates/logicswave/jiva/source/light/assets/bundles/flag-icon-css/flags/4x3/bv.svg]
[www.radixtouch.in/templates/logicswave/jiva/source/light/assets/bundles/flag-icon-css/flags/1x1/bv.svg]
[www.radixtouch.in/templates/logicswave/jiva/source/light/assets/bundles/flag-icon-css/flags/1x1/bw.svg]
[www.radixtouch.in/templates/logicswave/jiva/source/light/assets/bundles/flag-icon-css/flags/1x1/by.svg]
[www.radixtouch.in/templates/logicswave/jiva/source/light/assets/bundles/flag-icon-css/flags/1x1/bz.svg]
[www.radixtouch.in/templates/logicswave/jiva/source/light/assets/bundles/flag-icon-css/flags/1x1/ca.svg]
[www.radixtouch.in/templates/logicswave/jiva/source/light/assets/bundles/flag-icon-css/flags/1x1/cc.svg]
[www.radixtouch.in/templates/logicswave/jiva/source/light/assets/bundles/flag-icon-css/flags/1x1/cd.svg]
[www.radixtouch.in/templates/logicswave/jiva/source/light/assets/bundles/flag-icon-css/flags/1x1/cf.svg]
[www.radixtouch.in/templates/logicswave/jiva/source/light/assets/bundles/flag-icon-css/flags/1x1/cg.svg]
[www.radixtouch.in/templates/logicswave/jiva/source/light/assets/bundles/flag-icon-css/flags/1x1/ch.svg]
[www.radixtouch.in/templates/logicswave/jiva/source/light/assets/bundles/flag-icon-css/flags/1x1/ci.svg]
[www.radixtouch.in/templates/logicswave/jiva/source/light/assets/bundles/flag-icon-css/flags/1x1/ck.svg]
[www.radixtouch.in/templates/logicswave/jiva/source/light/assets/bundles/flag-icon-css/flags/1x1/cl.svg]
[www.radixtouch.in/templates/logicswave/jiva/source/light/assets/bundles/flag-icon-css/flags/1x1/cm.svg]
[www.radixtouch.in/templates/logicswave/jiva/source/light/assets/bundles/flag-icon-css/flags/1x1/cn.svg]
[www.radixtouch.in/templates/logicswave/jiva/source/light/assets/bundles/flag-icon-css/flags/1x1/co.svg]
[www.radixtouch.in/templates/logicswave/jiva/source/light/assets/bundles/flag-icon-css/flags/1x1/cr.svg]
[www.radixtouch.in/templates/logicswave/jiva/source/light/assets/bundles/flag-icon-css/flags/1x1/cu.svg]
[www.radixtouch.in/templates/logicswave/jiva/source/light/assets/bundles/flag-icon-css/flags/1x1/cv.svg]
[www.radixtouch.in/templates/logicswave/jiva/source/light/assets/bundles/flag-icon-css/flags/1x1/cw.svg]
[www.radixtouch.in/templates/logicswave/jiva/source/light/assets/bundles/flag-icon-css/flags/1x1/cx.svg]
[www.radixtouch.in/templates/logicswave/jiva/source/light/assets/bundles/flag-icon-css/flags/1x1/cy.svg]
[www.radixtouch.in/templates/logicswave/jiva/source/light/assets/bundles/flag-icon-css/flags/1x1/cz.svg]
[www.radixtouch.in/templates/logicswave/jiva/source/light/assets/bundles/flag-icon-css/flags/1x1/de.svg]
[www.radixtouch.in/templates/logicswave/jiva/source/light/assets/bundles/flag-icon-css/flags/1x1/dj.svg]
[www.radixtouch.in/templates/logicswave/jiva/source/light/assets/bundles/flag-icon-css/flags/1x1/dk.svg]
[www.radixtouch.in/templates/logicswave/jiva/source/light/assets/bundles/flag-icon-css/flags/1x1/dm.svg]
[www.radixtouch.in/templates/logicswave/jiva/source/light/assets/bundles/flag-icon-css/flags/1x1/do.svg]
[www.radixtouch.in/templates/logicswave/jiva/source/light/assets/bundles/flag-icon-css/flags/1x1/dz.svg]
[www.radixtouch.in/templates/logicswave/jiva/source/light/assets/bundles/flag-icon-css/flags/1x1/ec.svg]
[www.radixtouch.in/templates/logicswave/jiva/source/light/assets/bundles/flag-icon-css/flags/1x1/ee.svg]
[www.radixtouch.in/templates/logicswave/jiva/source/light/assets/bundles/flag-icon-css/flags/1x1/eg.svg]
[www.radixtouch.in/templates/logicswave/jiva/source/light/assets/bundles/flag-icon-css/flags/1x1/eh.svg]
[www.radixtouch.in/templates/logicswave/jiva/source/light/assets/bundles/flag-icon-css/flags/1x1/er.svg]
[www.radixtouch.in/templates/logicswave/jiva/source/light/assets/bundles/flag-icon-css/flags/1x1/es.svg]
[www.radixtouch.in/templates/logicswave/jiva/source/light/assets/bundles/flag-icon-css/flags/1x1/et.svg]
[www.radixtouch.in/templates/logicswave/jiva/source/light/assets/bundles/flag-icon-css/flags/1x1/fi.svg]
[www.radixtouch.in/templates/logicswave/jiva/source/light/assets/bundles/flag-icon-css/flags/1x1/fj.svg]
[www.radixtouch.in/templates/logicswave/jiva/source/light/assets/bundles/flag-icon-css/flags/1x1/fk.svg]
[www.radixtouch.in/templates/logicswave/jiva/source/light/assets/bundles/flag-icon-css/flags/1x1/fm.svg]
[www.radixtouch.in/templates/logicswave/jiva/source/light/assets/bundles/flag-icon-css/flags/1x1/fo.svg]
[www.radixtouch.in/templates/logicswave/jiva/source/light/assets/bundles/flag-icon-css/flags/1x1/fr.svg]
[www.radixtouch.in/templates/logicswave/jiva/source/light/assets/bundles/flag-icon-css/flags/1x1/ga.svg]
[www.radixtouch.in/templates/logicswave/jiva/source/light/assets/bundles/flag-icon-css/flags/1x1/gb.svg]
[www.radixtouch.in/templates/logicswave/jiva/source/light/assets/bundles/flag-icon-css/flags/1x1/gd.svg]
[www.radixtouch.in/templates/logicswave/jiva/source/light/assets/bundles/flag-icon-css/flags/1x1/ge.svg]
[www.radixtouch.in/templates/logicswave/jiva/source/light/assets/bundles/flag-icon-css/flags/1x1/gf.svg]
[www.radixtouch.in/templates/logicswave/jiva/source/light/assets/bundles/flag-icon-css/flags/1x1/gg.svg]
[www.radixtouch.in/templates/logicswave/jiva/source/light/assets/bundles/flag-icon-css/flags/1x1/gh.svg]
[www.radixtouch.in/templates/logicswave/jiva/source/light/assets/bundles/flag-icon-css/flags/1x1/gi.svg]
[www.radixtouch.in/templates/logicswave/jiva/source/light/assets/bundles/flag-icon-css/flags/1x1/gl.svg]
[www.radixtouch.in/templates/logicswave/jiva/source/light/assets/bundles/flag-icon-css/flags/1x1/gm.svg]
[www.radixtouch.in/templates/logicswave/jiva/source/light/assets/bundles/flag-icon-css/flags/1x1/gn.svg]
[www.radixtouch.in/templates/logicswave/jiva/source/light/assets/bundles/flag-icon-css/flags/1x1/gp.svg]
[www.radixtouch.in/templates/logicswave/jiva/source/light/assets/bundles/flag-icon-css/flags/1x1/gq.svg]
[www.radixtouch.in/templates/logicswave/jiva/source/light/assets/bundles/flag-icon-css/flags/1x1/gr.svg]
[www.radixtouch.in/templates/logicswave/jiva/source/light/assets/bundles/flag-icon-css/flags/1x1/gs.svg]
[www.radixtouch.in/templates/logicswave/jiva/source/light/assets/bundles/flag-icon-css/flags/1x1/gt.svg]
[www.radixtouch.in/templates/logicswave/jiva/source/light/assets/bundles/flag-icon-css/flags/1x1/gu.svg]
[www.radixtouch.in/templates/logicswave/jiva/source/light/assets/bundles/flag-icon-css/flags/1x1/gw.svg]
[www.radixtouch.in/templates/logicswave/jiva/source/light/assets/bundles/flag-icon-css/flags/1x1/gy.svg]
[www.radixtouch.in/templates/logicswave/jiva/source/light/assets/bundles/flag-icon-css/flags/1x1/hk.svg]
[www.radixtouch.in/templates/logicswave/jiva/source/light/assets/bundles/flag-icon-css/flags/4x3/hm.svg]
[www.radixtouch.in/templates/logicswave/jiva/source/light/assets/bundles/flag-icon-css/flags/1x1/hm.svg]
[www.radixtouch.in/templates/logicswave/jiva/source/light/assets/bundles/flag-icon-css/flags/1x1/hn.svg]
[www.radixtouch.in/templates/logicswave/jiva/source/light/assets/bundles/flag-icon-css/flags/1x1/hr.svg]
[www.radixtouch.in/templates/logicswave/jiva/source/light/assets/bundles/flag-icon-css/flags/1x1/ht.svg]
[www.radixtouch.in/templates/logicswave/jiva/source/light/assets/bundles/flag-icon-css/flags/1x1/hu.svg]
[www.radixtouch.in/templates/logicswave/jiva/source/light/assets/bundles/flag-icon-css/flags/1x1/id.svg]
[www.radixtouch.in/templates/logicswave/jiva/source/light/assets/bundles/flag-icon-css/flags/1x1/ie.svg]
[www.radixtouch.in/templates/logicswave/jiva/source/light/assets/bundles/flag-icon-css/flags/1x1/il.svg]
[www.radixtouch.in/templates/logicswave/jiva/source/light/assets/bundles/flag-icon-css/flags/1x1/im.svg]
[www.radixtouch.in/templates/logicswave/jiva/source/light/assets/bundles/flag-icon-css/flags/1x1/in.svg]
[www.radixtouch.in/templates/logicswave/jiva/source/light/assets/bundles/flag-icon-css/flags/1x1/io.svg]
[www.radixtouch.in/templates/logicswave/jiva/source/light/assets/bundles/flag-icon-css/flags/1x1/iq.svg]
[www.radixtouch.in/templates/logicswave/jiva/source/light/assets/bundles/flag-icon-css/flags/1x1/ir.svg]
[www.radixtouch.in/templates/logicswave/jiva/source/light/assets/bundles/flag-icon-css/flags/1x1/is.svg]
[www.radixtouch.in/templates/logicswave/jiva/source/light/assets/bundles/flag-icon-css/flags/1x1/it.svg]
[www.radixtouch.in/templates/logicswave/jiva/source/light/assets/bundles/flag-icon-css/flags/1x1/je.svg]
[www.radixtouch.in/templates/logicswave/jiva/source/light/assets/bundles/flag-icon-css/flags/1x1/jm.svg]
[www.radixtouch.in/templates/logicswave/jiva/source/light/assets/bundles/flag-icon-css/flags/1x1/jo.svg]
[www.radixtouch.in/templates/logicswave/jiva/source/light/assets/bundles/flag-icon-css/flags/1x1/jp.svg]
[www.radixtouch.in/templates/logicswave/jiva/source/light/assets/bundles/flag-icon-css/flags/1x1/ke.svg]
[www.radixtouch.in/templates/logicswave/jiva/source/light/assets/bundles/flag-icon-css/flags/1x1/kg.svg]
[www.radixtouch.in/templates/logicswave/jiva/source/light/assets/bundles/flag-icon-css/flags/1x1/kh.svg]
[www.radixtouch.in/templates/logicswave/jiva/source/light/assets/bundles/flag-icon-css/flags/1x1/ki.svg]
[www.radixtouch.in/templates/logicswave/jiva/source/light/assets/bundles/flag-icon-css/flags/1x1/km.svg]
[www.radixtouch.in/templates/logicswave/jiva/source/light/assets/bundles/flag-icon-css/flags/1x1/kn.svg]
[www.radixtouch.in/templates/logicswave/jiva/source/light/assets/bundles/flag-icon-css/flags/1x1/kp.svg]
[www.radixtouch.in/templates/logicswave/jiva/source/light/assets/bundles/flag-icon-css/flags/1x1/kr.svg]
[www.radixtouch.in/templates/logicswave/jiva/source/light/assets/bundles/flag-icon-css/flags/1x1/kw.svg]
[www.radixtouch.in/templates/logicswave/jiva/source/light/assets/bundles/flag-icon-css/flags/1x1/ky.svg]
[www.radixtouch.in/templates/logicswave/jiva/source/light/assets/bundles/flag-icon-css/flags/1x1/kz.svg]
[www.radixtouch.in/templates/logicswave/jiva/source/light/assets/bundles/flag-icon-css/flags/1x1/la.svg]
[www.radixtouch.in/templates/logicswave/jiva/source/light/assets/bundles/flag-icon-css/flags/1x1/lb.svg]
[www.radixtouch.in/templates/logicswave/jiva/source/light/assets/bundles/flag-icon-css/flags/1x1/lc.svg]
[www.radixtouch.in/templates/logicswave/jiva/source/light/assets/bundles/flag-icon-css/flags/1x1/li.svg]
[www.radixtouch.in/templates/logicswave/jiva/source/light/assets/bundles/flag-icon-css/flags/1x1/lk.svg]
[www.radixtouch.in/templates/logicswave/jiva/source/light/assets/bundles/flag-icon-css/flags/1x1/lr.svg]
[www.radixtouch.in/templates/logicswave/jiva/source/light/assets/bundles/flag-icon-css/flags/1x1/ls.svg]
[www.radixtouch.in/templates/logicswave/jiva/source/light/assets/bundles/flag-icon-css/flags/1x1/lt.svg]
[www.radixtouch.in/templates/logicswave/jiva/source/light/assets/bundles/flag-icon-css/flags/1x1/lu.svg]
[www.radixtouch.in/templates/logicswave/jiva/source/light/assets/bundles/flag-icon-css/flags/1x1/lv.svg]
[www.radixtouch.in/templates/logicswave/jiva/source/light/assets/bundles/flag-icon-css/flags/1x1/ly.svg]
[www.radixtouch.in/templates/logicswave/jiva/source/light/assets/bundles/flag-icon-css/flags/1x1/ma.svg]
[www.radixtouch.in/templates/logicswave/jiva/source/light/assets/bundles/flag-icon-css/flags/1x1/mc.svg]
[www.radixtouch.in/templates/logicswave/jiva/source/light/assets/bundles/flag-icon-css/flags/1x1/md.svg]
[www.radixtouch.in/templates/logicswave/jiva/source/light/assets/bundles/flag-icon-css/flags/1x1/me.svg]
[www.radixtouch.in/templates/logicswave/jiva/source/light/assets/bundles/flag-icon-css/flags/1x1/mf.svg]
[www.radixtouch.in/templates/logicswave/jiva/source/light/assets/bundles/flag-icon-css/flags/1x1/mg.svg]
[www.radixtouch.in/templates/logicswave/jiva/source/light/assets/bundles/flag-icon-css/flags/1x1/mh.svg]
[www.radixtouch.in/templates/logicswave/jiva/source/light/assets/bundles/flag-icon-css/flags/1x1/mk.svg]
[www.radixtouch.in/templates/logicswave/jiva/source/light/assets/bundles/flag-icon-css/flags/1x1/ml.svg]
[www.radixtouch.in/templates/logicswave/jiva/source/light/assets/bundles/flag-icon-css/flags/1x1/mm.svg]
[www.radixtouch.in/templates/logicswave/jiva/source/light/assets/bundles/flag-icon-css/flags/1x1/mn.svg]
[www.radixtouch.in/templates/logicswave/jiva/source/light/assets/bundles/flag-icon-css/flags/1x1/mo.svg]
[www.radixtouch.in/templates/logicswave/jiva/source/light/assets/bundles/flag-icon-css/flags/1x1/mp.svg]
[www.radixtouch.in/templates/logicswave/jiva/source/light/assets/bundles/flag-icon-css/flags/1x1/mq.svg]
[www.radixtouch.in/templates/logicswave/jiva/source/light/assets/bundles/flag-icon-css/flags/1x1/mr.svg]
[www.radixtouch.in/templates/logicswave/jiva/source/light/assets/bundles/flag-icon-css/flags/1x1/ms.svg]
[www.radixtouch.in/templates/logicswave/jiva/source/light/assets/bundles/flag-icon-css/flags/1x1/mt.svg]
[www.radixtouch.in/templates/logicswave/jiva/source/light/assets/bundles/flag-icon-css/flags/1x1/mu.svg]
[www.radixtouch.in/templates/logicswave/jiva/source/light/assets/bundles/flag-icon-css/flags/1x1/mv.svg]
[www.radixtouch.in/templates/logicswave/jiva/source/light/assets/bundles/flag-icon-css/flags/1x1/mw.svg]
[www.radixtouch.in/templates/logicswave/jiva/source/light/assets/bundles/flag-icon-css/flags/1x1/mx.svg]
[www.radixtouch.in/templates/logicswave/jiva/source/light/assets/bundles/flag-icon-css/flags/1x1/my.svg]
[www.radixtouch.in/templates/logicswave/jiva/source/light/assets/bundles/flag-icon-css/flags/1x1/mz.svg]
[www.radixtouch.in/templates/logicswave/jiva/source/light/assets/bundles/flag-icon-css/flags/1x1/na.svg]
[www.radixtouch.in/templates/logicswave/jiva/source/light/assets/bundles/flag-icon-css/flags/1x1/nc.svg]
[www.radixtouch.in/templates/logicswave/jiva/source/light/assets/bundles/flag-icon-css/flags/1x1/ne.svg]
[www.radixtouch.in/templates/logicswave/jiva/source/light/assets/bundles/flag-icon-css/flags/1x1/nf.svg]
[www.radixtouch.in/templates/logicswave/jiva/source/light/assets/bundles/flag-icon-css/flags/1x1/ng.svg]
[www.radixtouch.in/templates/logicswave/jiva/source/light/assets/bundles/flag-icon-css/flags/1x1/ni.svg]
[www.radixtouch.in/templates/logicswave/jiva/source/light/assets/bundles/flag-icon-css/flags/1x1/nl.svg]
[www.radixtouch.in/templates/logicswave/jiva/source/light/assets/bundles/flag-icon-css/flags/1x1/no.svg]
[www.radixtouch.in/templates/logicswave/jiva/source/light/assets/bundles/flag-icon-css/flags/1x1/np.svg]
[www.radixtouch.in/templates/logicswave/jiva/source/light/assets/bundles/flag-icon-css/flags/1x1/nr.svg]
[www.radixtouch.in/templates/logicswave/jiva/source/light/assets/bundles/flag-icon-css/flags/1x1/nu.svg]
[www.radixtouch.in/templates/logicswave/jiva/source/light/assets/bundles/flag-icon-css/flags/1x1/nz.svg]
[www.radixtouch.in/templates/logicswave/jiva/source/light/assets/bundles/flag-icon-css/flags/1x1/om.svg]
[www.radixtouch.in/templates/logicswave/jiva/source/light/assets/bundles/flag-icon-css/flags/1x1/pa.svg]
[www.radixtouch.in/templates/logicswave/jiva/source/light/assets/bundles/flag-icon-css/flags/1x1/pe.svg]
[www.radixtouch.in/templates/logicswave/jiva/source/light/assets/bundles/flag-icon-css/flags/1x1/pf.svg]
[www.radixtouch.in/templates/logicswave/jiva/source/light/assets/bundles/flag-icon-css/flags/1x1/pg.svg]
[www.radixtouch.in/templates/logicswave/jiva/source/light/assets/bundles/flag-icon-css/flags/1x1/ph.svg]
[www.radixtouch.in/templates/logicswave/jiva/source/light/assets/bundles/flag-icon-css/flags/1x1/pk.svg]
[www.radixtouch.in/templates/logicswave/jiva/source/light/assets/bundles/flag-icon-css/flags/1x1/pl.svg]
[www.radixtouch.in/templates/logicswave/jiva/source/light/assets/bundles/flag-icon-css/flags/1x1/pm.svg]
[www.radixtouch.in/templates/logicswave/jiva/source/light/assets/bundles/flag-icon-css/flags/1x1/pn.svg]
[www.radixtouch.in/templates/logicswave/jiva/source/light/assets/bundles/flag-icon-css/flags/1x1/pr.svg]
[www.radixtouch.in/templates/logicswave/jiva/source/light/assets/bundles/flag-icon-css/flags/1x1/ps.svg]
[www.radixtouch.in/templates/logicswave/jiva/source/light/assets/bundles/flag-icon-css/flags/1x1/pt.svg]
[www.radixtouch.in/templates/logicswave/jiva/source/light/assets/bundles/flag-icon-css/flags/1x1/pw.svg]
[www.radixtouch.in/templates/logicswave/jiva/source/light/assets/bundles/flag-icon-css/flags/1x1/py.svg]
[www.radixtouch.in/templates/logicswave/jiva/source/light/assets/bundles/flag-icon-css/flags/1x1/qa.svg]
[www.radixtouch.in/templates/logicswave/jiva/source/light/assets/bundles/flag-icon-css/flags/1x1/re.svg]
[www.radixtouch.in/templates/logicswave/jiva/source/light/assets/bundles/flag-icon-css/flags/1x1/ro.svg]
[www.radixtouch.in/templates/logicswave/jiva/source/light/assets/bundles/flag-icon-css/flags/1x1/rs.svg]
[www.radixtouch.in/templates/logicswave/jiva/source/light/assets/bundles/flag-icon-css/flags/1x1/ru.svg]
[www.radixtouch.in/templates/logicswave/jiva/source/light/assets/bundles/flag-icon-css/flags/1x1/rw.svg]
[www.radixtouch.in/templates/logicswave/jiva/source/light/assets/bundles/flag-icon-css/flags/1x1/sa.svg]
[www.radixtouch.in/templates/logicswave/jiva/source/light/assets/bundles/flag-icon-css/flags/1x1/sb.svg]
[www.radixtouch.in/templates/logicswave/jiva/source/light/assets/bundles/flag-icon-css/flags/1x1/sc.svg]
[www.radixtouch.in/templates/logicswave/jiva/source/light/assets/bundles/flag-icon-css/flags/1x1/sd.svg]
[www.radixtouch.in/templates/logicswave/jiva/source/light/assets/bundles/flag-icon-css/flags/1x1/se.svg]
[www.radixtouch.in/templates/logicswave/jiva/source/light/assets/bundles/flag-icon-css/flags/1x1/sg.svg]
[www.radixtouch.in/templates/logicswave/jiva/source/light/assets/bundles/flag-icon-css/flags/1x1/sh.svg]
[www.radixtouch.in/templates/logicswave/jiva/source/light/assets/bundles/flag-icon-css/flags/1x1/si.svg]
[www.radixtouch.in/templates/logicswave/jiva/source/light/assets/bundles/flag-icon-css/flags/1x1/sj.svg]
[www.radixtouch.in/templates/logicswave/jiva/source/light/assets/bundles/flag-icon-css/flags/1x1/sk.svg]
[www.radixtouch.in/templates/logicswave/jiva/source/light/assets/bundles/flag-icon-css/flags/1x1/sl.svg]
[www.radixtouch.in/templates/logicswave/jiva/source/light/assets/bundles/flag-icon-css/flags/1x1/sm.svg]
[www.radixtouch.in/templates/logicswave/jiva/source/light/assets/bundles/flag-icon-css/flags/1x1/sn.svg]
[www.radixtouch.in/templates/logicswave/jiva/source/light/assets/bundles/flag-icon-css/flags/1x1/so.svg]
[www.radixtouch.in/templates/logicswave/jiva/source/light/assets/bundles/flag-icon-css/flags/1x1/sr.svg]
[www.radixtouch.in/templates/logicswave/jiva/source/light/assets/bundles/flag-icon-css/flags/1x1/ss.svg]
[www.radixtouch.in/templates/logicswave/jiva/source/light/assets/bundles/flag-icon-css/flags/1x1/st.svg]
[www.radixtouch.in/templates/logicswave/jiva/source/light/assets/bundles/flag-icon-css/flags/1x1/sv.svg]
[www.radixtouch.in/templates/logicswave/jiva/source/light/assets/bundles/flag-icon-css/flags/1x1/sx.svg]
[www.radixtouch.in/templates/logicswave/jiva/source/light/assets/bundles/flag-icon-css/flags/1x1/sy.svg]
[www.radixtouch.in/templates/logicswave/jiva/source/light/assets/bundles/flag-icon-css/flags/1x1/sz.svg]
[www.radixtouch.in/templates/logicswave/jiva/source/light/assets/bundles/flag-icon-css/flags/1x1/tc.svg]
[www.radixtouch.in/templates/logicswave/jiva/source/light/assets/bundles/flag-icon-css/flags/1x1/td.svg]
[www.radixtouch.in/templates/logicswave/jiva/source/light/assets/bundles/flag-icon-css/flags/1x1/tf.svg]
[www.radixtouch.in/templates/logicswave/jiva/source/light/assets/bundles/flag-icon-css/flags/1x1/tg.svg]
[www.radixtouch.in/templates/logicswave/jiva/source/light/assets/bundles/flag-icon-css/flags/1x1/th.svg]
[www.radixtouch.in/templates/logicswave/jiva/source/light/assets/bundles/flag-icon-css/flags/1x1/tj.svg]
[www.radixtouch.in/templates/logicswave/jiva/source/light/assets/bundles/flag-icon-css/flags/1x1/tk.svg]
[www.radixtouch.in/templates/logicswave/jiva/source/light/assets/bundles/flag-icon-css/flags/1x1/tl.svg]
[www.radixtouch.in/templates/logicswave/jiva/source/light/assets/bundles/flag-icon-css/flags/1x1/tm.svg]
[www.radixtouch.in/templates/logicswave/jiva/source/light/assets/bundles/flag-icon-css/flags/1x1/tn.svg]
[www.radixtouch.in/templates/logicswave/jiva/source/light/assets/bundles/flag-icon-css/flags/1x1/to.svg]
[www.radixtouch.in/templates/logicswave/jiva/source/light/assets/bundles/flag-icon-css/flags/1x1/tr.svg]
[www.radixtouch.in/templates/logicswave/jiva/source/light/assets/bundles/flag-icon-css/flags/1x1/tt.svg]
[www.radixtouch.in/templates/logicswave/jiva/source/light/assets/bundles/flag-icon-css/flags/1x1/tv.svg]
[www.radixtouch.in/templates/logicswave/jiva/source/light/assets/bundles/flag-icon-css/flags/1x1/tw.svg]
[www.radixtouch.in/templates/logicswave/jiva/source/light/assets/bundles/flag-icon-css/flags/1x1/tz.svg]
[www.radixtouch.in/templates/logicswave/jiva/source/light/assets/bundles/flag-icon-css/flags/1x1/ua.svg]
[www.radixtouch.in/templates/logicswave/jiva/source/light/assets/bundles/flag-icon-css/flags/1x1/ug.svg]
[www.radixtouch.in/templates/logicswave/jiva/source/light/assets/bundles/flag-icon-css/flags/1x1/um.svg]
[www.radixtouch.in/templates/logicswave/jiva/source/light/assets/bundles/flag-icon-css/flags/1x1/us.svg]
[www.radixtouch.in/templates/logicswave/jiva/source/light/assets/bundles/flag-icon-css/flags/1x1/uy.svg]
[www.radixtouch.in/templates/logicswave/jiva/source/light/assets/bundles/flag-icon-css/flags/1x1/uz.svg]
[www.radixtouch.in/templates/logicswave/jiva/source/light/assets/bundles/flag-icon-css/flags/1x1/va.svg]
[www.radixtouch.in/templates/logicswave/jiva/source/light/assets/bundles/flag-icon-css/flags/1x1/vc.svg]
[www.radixtouch.in/templates/logicswave/jiva/source/light/assets/bundles/flag-icon-css/flags/1x1/ve.svg]
[www.radixtouch.in/templates/logicswave/jiva/source/light/assets/bundles/flag-icon-css/flags/1x1/vg.svg]
[www.radixtouch.in/templates/logicswave/jiva/source/light/assets/bundles/flag-icon-css/flags/1x1/vi.svg]
[www.radixtouch.in/templates/logicswave/jiva/source/light/assets/bundles/flag-icon-css/flags/1x1/vn.svg]
[www.radixtouch.in/templates/logicswave/jiva/source/light/assets/bundles/flag-icon-css/flags/1x1/vu.svg]
[www.radixtouch.in/templates/logicswave/jiva/source/light/assets/bundles/flag-icon-css/flags/1x1/wf.svg]
[www.radixtouch.in/templates/logicswave/jiva/source/light/assets/bundles/flag-icon-css/flags/1x1/ws.svg]
[www.radixtouch.in/templates/logicswave/jiva/source/light/assets/bundles/flag-icon-css/flags/1x1/ye.svg]
[www.radixtouch.in/templates/logicswave/jiva/source/light/assets/bundles/flag-icon-css/flags/1x1/yt.svg]
[www.radixtouch.in/templates/logicswave/jiva/source/light/assets/bundles/flag-icon-css/flags/1x1/za.svg]
[www.radixtouch.in/templates/logicswave/jiva/source/light/assets/bundles/flag-icon-css/flags/1x1/zm.svg]
[www.radixtouch.in/templates/logicswave/jiva/source/light/assets/bundles/flag-icon-css/flags/1x1/zw.svg]
[www.radixtouch.in/templates/logicswave/jiva/source/light/assets/bundles/flag-icon-css/flags/4x3/es-ct.svg]
[www.radixtouch.in/templates/logicswave/jiva/source/light/assets/bundles/flag-icon-css/flags/1x1/es-ct.svg]
[www.radixtouch.in/templates/logicswave/jiva/source/light/assets/bundles/flag-icon-css/flags/4x3/eu.svg]
[www.radixtouch.in/templates/logicswave/jiva/source/light/assets/bundles/flag-icon-css/flags/1x1/eu.svg]
[www.radixtouch.in/templates/logicswave/jiva/source/light/assets/bundles/flag-icon-css/flags/4x3/gb-eng.svg]
[www.radixtouch.in/templates/logicswave/jiva/source/light/assets/bundles/flag-icon-css/flags/1x1/gb-eng.svg]
[www.radixtouch.in/templates/logicswave/jiva/source/light/assets/bundles/flag-icon-css/flags/4x3/gb-nir.svg]
[www.radixtouch.in/templates/logicswave/jiva/source/light/assets/bundles/flag-icon-css/flags/1x1/gb-nir.svg]
[www.radixtouch.in/templates/logicswave/jiva/source/light/assets/bundles/flag-icon-css/flags/4x3/gb-sct.svg]
[www.radixtouch.in/templates/logicswave/jiva/source/light/assets/bundles/flag-icon-css/flags/1x1/gb-sct.svg]
[www.radixtouch.in/templates/logicswave/jiva/source/light/assets/bundles/flag-icon-css/flags/4x3/gb-wls.svg]
[www.radixtouch.in/templates/logicswave/jiva/source/light/assets/bundles/flag-icon-css/flags/1x1/gb-wls.svg]
[www.radixtouch.in/templates/logicswave/jiva/source/light/assets/bundles/flag-icon-css/flags/4x3/un.svg]
[www.radixtouch.in/templates/logicswave/jiva/source/light/assets/bundles/flag-icon-css/flags/1x1/un.svg]
[www.radixtouch.in/templates/logicswave/jiva/source/light/assets/bundles/ionicons/fonts/ionicons28b5.svg]
[www.radixtouch.in/templates/logicswave/jiva/source/light/assets/bundles/weather-icon/font/weathericons-regular-webfont.svg]
[www.radixtouch.in/templates/logicswave/jiva/source/light/assets/bundles/lightgallery/dist/fonts/lgd641.svg]
